Component: ARM Compiler 5.06 update 6 (build 750) Tool: armlink [4d35ed]

==============================================================================

Section Cross References

    main.o(i.assign_task_task) refers to usart3.o(i.SendDataToOpenMV) for SendDataToOpenMV
    main.o(i.assign_task_task) refers to usart3.o(i.SetTargetRoom) for SetTargetRoom
    main.o(i.assign_task_task) refers to delay.o(i.delay_ms) for delay_ms
    main.o(i.assign_task_task) refers to tasks.o(i.vTaskResume) for vTaskResume
    main.o(i.assign_task_task) refers to tasks.o(i.vTaskDelete) for vTaskDelete
    main.o(i.assign_task_task) refers to usart3.o(.data) for TASK
    main.o(i.assign_task_task) refers to main.o(.data) for JINDUANTask_Handler
    main.o(i.car_run_time_callback) refers to oled.o(.bss) for car_status
    main.o(i.jindaun_goback_task) refers to tasks.o(i.xTaskGetTickCount) for xTaskGetTickCount
    main.o(i.jindaun_goback_task) refers to timers.o(i.xTimerGenericCommand) for xTimerGenericCommand
    main.o(i.jindaun_goback_task) refers to __2printf.o(.text) for __2printf
    main.o(i.jindaun_goback_task) refers to tb6612fng.o(i.Car_Spin) for Car_Spin
    main.o(i.jindaun_goback_task) refers to delay.o(i.delay_ms) for delay_ms
    main.o(i.jindaun_goback_task) refers to pid.o(i.PID_Init) for PID_Init
    main.o(i.jindaun_goback_task) refers to tb6612fng.o(i.Car_Go) for Car_Go
    main.o(i.jindaun_goback_task) refers to tb6612fng.o(i.Motor_Output) for Motor_Output
    main.o(i.jindaun_goback_task) refers to tasks.o(i.vTaskSuspend) for vTaskSuspend
    main.o(i.jindaun_goback_task) refers to oled.o(.bss) for car_status
    main.o(i.jindaun_goback_task) refers to main.o(.data) for Car_Run_Time_Handle
    main.o(i.jindaun_goback_task) refers to tb6612fng.o(.data) for Stop_Flag
    main.o(i.jindaun_task) refers to tasks.o(i.xTaskGetTickCount) for xTaskGetTickCount
    main.o(i.jindaun_task) refers to timers.o(i.xTimerGenericCommand) for xTimerGenericCommand
    main.o(i.jindaun_task) refers to __2printf.o(.text) for __2printf
    main.o(i.jindaun_task) refers to pid.o(i.PID_Init) for PID_Init
    main.o(i.jindaun_task) refers to tb6612fng.o(i.Car_Go) for Car_Go
    main.o(i.jindaun_task) refers to delay.o(i.delay_ms) for delay_ms
    main.o(i.jindaun_task) refers to tb6612fng.o(i.Car_Spin) for Car_Spin
    main.o(i.jindaun_task) refers to tasks.o(i.vTaskResume) for vTaskResume
    main.o(i.jindaun_task) refers to tasks.o(i.vTaskSuspend) for vTaskSuspend
    main.o(i.jindaun_task) refers to oled.o(.bss) for car_status
    main.o(i.jindaun_task) refers to main.o(.data) for Car_Run_Time_Handle
    main.o(i.jindaun_task) refers to tb6612fng.o(.data) for Stop_Flag
    main.o(i.led0_task) refers to delay.o(i.delay_ms) for delay_ms
    main.o(i.main) refers to misc.o(i.NVIC_PriorityGroupConfig) for NVIC_PriorityGroupConfig
    main.o(i.main) refers to delay.o(i.delay_init) for delay_init
    main.o(i.main) refers to usart.o(i.uart_init) for uart_init
    main.o(i.main) refers to usart3.o(i.usart3_init) for usart3_init
    main.o(i.main) refers to malloc.o(i.mem_init) for mem_init
    main.o(i.main) refers to led.o(i.LED_Init) for LED_Init
    main.o(i.main) refers to oled.o(i.OLED_Init) for OLED_Init
    main.o(i.main) refers to oled.o(i.OLED_Clear) for OLED_Clear
    main.o(i.main) refers to pid.o(i.PID_Init) for PID_Init
    main.o(i.main) refers to timer.o(i.TIM2_PWM_Init) for TIM2_PWM_Init
    main.o(i.main) refers to timer.o(i.TIM1_Int_Init) for TIM1_Int_Init
    main.o(i.main) refers to timer.o(i.Encoder_Init_TIM3) for Encoder_Init_TIM3
    main.o(i.main) refers to timer.o(i.Encoder_Init_TIM4) for Encoder_Init_TIM4
    main.o(i.main) refers to tb6612fng.o(i.TB6612FNG_Init) for TB6612FNG_Init
    main.o(i.main) refers to graysensor.o(i.GraySensor_Init) for GraySensor_Init
    main.o(i.main) refers to tasks.o(i.xTaskCreate) for xTaskCreate
    main.o(i.main) refers to tasks.o(i.vTaskStartScheduler) for vTaskStartScheduler
    main.o(i.main) refers to oled.o(.bss) for car_status
    main.o(i.main) refers to main.o(.data) for StartTask_Handler
    main.o(i.main) refers to main.o(i.start_task) for start_task
    main.o(i.oled_task) refers to oled.o(i.main_page_data) for main_page_data
    main.o(i.oled_task) refers to delay.o(i.delay_ms) for delay_ms
    main.o(i.oled_task) refers to oled.o(.bss) for car_status
    main.o(i.sport_mode_task) refers to _printf_percent.o(.ARM.Collect$$_printf_percent$$00000000) for _printf_percent
    main.o(i.sport_mode_task) refers to _printf_f.o(.ARM.Collect$$_printf_percent$$00000003) for _printf_f
    main.o(i.sport_mode_task) refers to printf1.o(x$fpl$printf1) for _printf_fp_dec
    main.o(i.sport_mode_task) refers to queue.o(i.xQueueSemaphoreTake) for xQueueSemaphoreTake
    main.o(i.sport_mode_task) refers to tb6612fng.o(i.Read_Encoder) for Read_Encoder
    main.o(i.sport_mode_task) refers to fflt_clz.o(x$fpl$fflt) for __aeabi_i2f
[...]
    __rt_memcpy                              0x0800061f   Thumb Code   138  rt_memcpy_v6.o(.text)
    _memcpy_lastbytes                        0x08000685   Thumb Code     0  rt_memcpy_v6.o(.text)
    __aeabi_memset                           0x080006a9   Thumb Code    16  aeabi_memset.o(.text)
    __aeabi_memclr                           0x080006b9   Thumb Code     0  rt_memclr.o(.text)
    __rt_memclr                              0x080006b9   Thumb Code    68  rt_memclr.o(.text)
    _memset                                  0x080006bd   Thumb Code     0  rt_memclr.o(.text)
    __aeabi_memclr4                          0x080006fd   Thumb Code     0  rt_memclr_w.o(.text)
    __aeabi_memclr8                          0x080006fd   Thumb Code     0  rt_memclr_w.o(.text)
    __rt_memclr_w                            0x080006fd   Thumb Code    78  rt_memclr_w.o(.text)
    _memset_w                                0x08000701   Thumb Code     0  rt_memclr_w.o(.text)
    __use_two_region_memory                  0x0800074b   Thumb Code     2  heapauxi.o(.text)
    __rt_heap_escrow$2region                 0x0800074d   Thumb Code     2  heapauxi.o(.text)
    __rt_heap_expand$2region                 0x0800074f   Thumb Code     2  heapauxi.o(.text)
    __I$use$semihosting                      0x08000751   Thumb Code     0  use_no_semi.o(.text)
    __use_no_semihosting_swi                 0x08000751   Thumb Code     2  use_no_semi.o(.text)
    _printf_pre_padding                      0x08000753   Thumb Code    44  _printf_pad.o(.text)
    _printf_post_padding                     0x0800077f   Thumb Code    34  _printf_pad.o(.text)
    _printf_truncate_signed                  0x080007a1   Thumb Code    18  _printf_truncate.o(.text)
    _printf_truncate_unsigned                0x080007b3   Thumb Code    18  _printf_truncate.o(.text)
    _printf_int_common                       0x080007c5   Thumb Code   178  _printf_intcommon.o(.text)
    _printf_charcount                        0x08000877   Thumb Code    40  _printf_charcount.o(.text)
    __lib_sel_fp_printf                      0x0800089f   Thumb Code     2  _printf_fp_dec.o(.text)
    _printf_fp_dec_real                      0x08000a51   Thumb Code   620  _printf_fp_dec.o(.text)
    _printf_char_common                      0x08000cc7   Thumb Code    32  _printf_char_common.o(.text)
    _sputc                                   0x08000ced   Thumb Code    10  _sputc.o(.text)
    _printf_cs_common                        0x08000cf7   Thumb Code    20  _printf_char.o(.text)
    _printf_char                             0x08000d0b   Thumb Code    16  _printf_char.o(.text)
    _printf_string                           0x08000d1b   Thumb Code     8  _printf_char.o(.text)
    _printf_char_file                        0x08000d25   Thumb Code    32  _printf_char_file.o(.text)
    _printf_wctomb                           0x08000d49   Thumb Code   182  _printf_wctomb.o(.text)
    _printf_longlong_dec                     0x08000e05   Thumb Code   108  _printf_longlong_dec.o(.text)
    _printf_longlong_oct                     0x08000e81   Thumb Code    66  _printf_oct_int_ll.o(.text)
    _printf_int_oct                          0x08000ec3   Thumb Code    24  _printf_oct_int_ll.o(.text)
    _printf_ll_oct                           0x08000edb   Thumb Code    12  _printf_oct_int_ll.o(.text)
    _printf_longlong_hex                     0x08000ef1   Thumb Code    86  _printf_hex_int_ll_ptr.o(.text)
    _printf_int_hex                          0x08000f47   Thumb Code    28  _printf_hex_int_ll_ptr.o(.text)
    _printf_ll_hex                           0x08000f63   Thumb Code    12  _printf_hex_int_ll_ptr.o(.text)
    _printf_hex_ptr                          0x08000f6f   Thumb Code    18  _printf_hex_int_ll_ptr.o(.text)
    __aeabi_memcpy4                          0x08000f85   Thumb Code     0  rt_memcpy_w.o(.text)
    __aeabi_memcpy8                          0x08000f85   Thumb Code     0  rt_memcpy_w.o(.text)
    __rt_memcpy_w                            0x08000f85   Thumb Code   100  rt_memcpy_w.o(.text)
    _memcpy_lastbytes_aligned                0x08000fcd   Thumb Code     0  rt_memcpy_w.o(.text)
    __rt_locale                              0x08000fe9   Thumb Code     8  rt_locale_intlibspace.o(.text)
    _ll_udiv10                               0x08000ff1   Thumb Code   138  lludiv10.o(.text)
    _printf_fp_hex_real                      0x0800107d   Thumb Code   756  _printf_fp_hex.o(.text)
    _printf_fp_infnan                        0x08001379   Thumb Code   112  _printf_fp_infnan.o(.text)
    _printf_lcs_common                       0x080013f9   Thumb Code    20  _printf_wchar.o(.text)
    _printf_wchar                            0x0800140d   Thumb Code    16  _printf_wchar.o(.text)
    _printf_wstring                          0x0800141d   Thumb Code     8  _printf_wchar.o(.text)
    _btod_etento                             0x08001425   Thumb Code   224  bigflt0.o(.text)
    ferror                                   0x08001509   Thumb Code     8  ferror.o(.text)
    _wcrtomb                                 0x08001511   Thumb Code    64  _wcrtomb.o(.text)
    __user_libspace                          0x08001551   Thumb Code     8  libspace.o(.text)
    __user_perproc_libspace                  0x08001551   Thumb Code     0  libspace.o(.text)
    __user_perthread_libspace                0x08001551   Thumb Code     0  libspace.o(.text)
    __user_setup_stackheap                   0x08001559   Thumb Code    74  sys_stackheap_outer.o(.text)
    __rt_ctype_table                         0x080015a5   Thumb Code    16  rt_ctype_table.o(.text)
    exit                                     0x080015b5   Thumb Code    18  exit.o(.text)
    strcmp                                   0x080015c9   Thumb Code   128  strcmpv7m.o(.text)
    _btod_d2e                                0x08001649   Thumb Code    62  btod.o(CL$$btod_d2e)
    _d2e_denorm_low                          0x08001687   Thumb Code    70  btod.o(CL$$btod_d2e_denorm_low)
    _d2e_norm_op1                            0x080016cd   Thumb Code    96  btod.o(CL$$btod_d2e_norm_op1)
    __btod_div_common                        0x0800172d   Thumb Code   696  btod.o(CL$$btod_div_common)
    _e2e                                     0x08001a65   Thumb Code   220  btod.o(CL$$btod_e2e)
    _btod_ediv                               0x08001b41   Thumb Code    42  btod.o(CL$$btod_ediv)
    _btod_emul                               0x08001b6b   Thumb Code    42  btod.o(CL$$btod_emul)
    __btod_mult_common                       0x08001b95   Thumb Code   580  btod.o(CL$$btod_mult_common)
    BusFault_Handler                         0x08001dd9   Thumb Code     4  stm32f10x_it.o(i.BusFault_Handler)
    Car_Go                                   0x08001ddd   Thumb Code   142  tb6612fng.o(i.Car_Go)
    Car_Spin                                 0x08001ec1   Thumb Code  1244  tb6612fng.o(i.Car_Spin)
    Car_Staright_Control                     0x0800239d   Thumb Code   624  graysensor.o(i.Car_Staright_Control)
    Car_Stop                                 0x0800261d   Thumb Code    66  tb6612fng.o(i.Car_Stop)
    DebugMon_Handler                         0x0800268d   Thumb Code     2  stm32f10x_it.o(i.DebugMon_Handler)
    EXTI1_IRQHandler                         0x08002691   Thumb Code    84  graysensor.o(i.EXTI1_IRQHandler)
    EXTI_ClearITPendingBit                   0x08002709   Thumb Code     6  stm32f10x_exti.o(i.EXTI_ClearITPendingBit)
    EXTI_Init                                0x08002715   Thumb Code   142  stm32f10x_exti.o(i.EXTI_Init)
    Encoder_Init_TIM3                        0x080027a9   Thumb Code   152  timer.o(i.Encoder_Init_TIM3)
    Encoder_Init_TIM4                        0x08002849   Thumb Code   152  timer.o(i.Encoder_Init_TIM4)
    GPIO_EXTILineConfig                      0x080028e9   Thumb Code    60  stm32f10x_gpio.o(i.GPIO_EXTILineConfig)
    GPIO_Init                                0x08002929   Thumb Code   278  stm32f10x_gpio.o(i.GPIO_Init)
    GPIO_PinRemapConfig                      0x08002a41   Thumb Code   138  stm32f10x_gpio.o(i.GPIO_PinRemapConfig)
    GPIO_ReadInputDataBit                    0x08002ad1   Thumb Code    18  stm32f10x_gpio.o(i.GPIO_ReadInputDataBit)
    GPIO_ResetBits                           0x08002ae3   Thumb Code     4  stm32f10x_gpio.o(i.GPIO_ResetBits)
    GPIO_SetBits                             0x08002ae7   Thumb Code     4  stm32f10x_gpio.o(i.GPIO_SetBits)
    GraySensor_Init                          0x08002aed   Thumb Code   166  graysensor.o(i.GraySensor_Init)
    HardFault_Handler                        0x08002b9d   Thumb Code     4  stm32f10x_it.o(i.HardFault_Handler)
    IIC_Start                                0x08002ba1   Thumb Code    36  oled.o(i.IIC_Start)
    IIC_Stop                                 0x08002bc9   Thumb Code    28  oled.o(i.IIC_Stop)
    IIC_Wait_Ack                             0x08002be9   Thumb Code    20  oled.o(i.IIC_Wait_Ack)
    LED_Init                                 0x08002c01   Thumb Code   104  led.o(i.LED_Init)
    Location_Speed_Control                   0x08002c75   Thumb Code    78  tb6612fng.o(i.Location_Speed_Control)
    MemManage_Handler                        0x08002cd9   Thumb Code     4  stm32f10x_it.o(i.MemManage_Handler)
    Motor1_Forward                           0x08002cdd   Thumb Code    16  tb6612fng.o(i.Motor1_Forward)
    Motor1_Retreat                           0x08002cf5   Thumb Code    16  tb6612fng.o(i.Motor1_Retreat)
    Motor2_Forward                           0x08002d0d   Thumb Code    16  tb6612fng.o(i.Motor2_Forward)
    Motor2_Retreat                           0x08002d25   Thumb Code    16  tb6612fng.o(i.Motor2_Retreat)
    Motor_Disable                            0x08002d3d   Thumb Code    26  tb6612fng.o(i.Motor_Disable)
    Motor_Output                             0x08002d61   Thumb Code    92  tb6612fng.o(i.Motor_Output)
    NMI_Handler                              0x08002dbd   Thumb Code     2  stm32f10x_it.o(i.NMI_Handler)
    NVIC_Init                                0x08002dc1   Thumb Code   100  misc.o(i.NVIC_Init)
    NVIC_PriorityGroupConfig                 0x08002e31   Thumb Code    10  misc.o(i.NVIC_PriorityGroupConfig)
    OLED_Clear                               0x08002e45   Thumb Code    62  oled.o(i.OLED_Clear)
    OLED_Init                                0x08002e85   Thumb Code   270  oled.o(i.OLED_Init)
    OLED_Set_Pos                             0x08002f99   Thumb Code    40  oled.o(i.OLED_Set_Pos)
    OLED_ShowChar                            0x08002fc1   Thumb Code   154  oled.o(i.OLED_ShowChar)
    OLED_ShowNum                             0x08003065   Thumb Code   136  oled.o(i.OLED_ShowNum)
    OLED_ShowString                          0x080030ed   Thumb Code    58  oled.o(i.OLED_ShowString)
    OLED_WR_Byte                             0x08003127   Thumb Code    24  oled.o(i.OLED_WR_Byte)
    PID_Init                                 0x08003141   Thumb Code   106  pid.o(i.PID_Init)
    RCC_APB1PeriphClockCmd                   0x080031c5   Thumb Code    26  stm32f10x_rcc.o(i.RCC_APB1PeriphClockCmd)
    RCC_APB1PeriphResetCmd                   0x080031e5   Thumb Code    26  stm32f10x_rcc.o(i.RCC_APB1PeriphResetCmd)
    RCC_APB2PeriphClockCmd                   0x08003205   Thumb Code    26  stm32f10x_rcc.o(i.RCC_APB2PeriphClockCmd)
    RCC_APB2PeriphResetCmd                   0x08003225   Thumb Code    26  stm32f10x_rcc.o(i.RCC_APB2PeriphResetCmd)
    RCC_GetClocksFreq                        0x08003245   Thumb Code   192  stm32f10x_rcc.o(i.RCC_GetClocksFreq)
    Read_Encoder                             0x08003319   Thumb Code    72  tb6612fng.o(i.Read_Encoder)
    SendDataToOpenMV                         0x08003371   Thumb Code    38  usart3.o(i.SendDataToOpenMV)
    SetTargetRoom                            0x08003491   Thumb Code   174  usart3.o(i.SetTargetRoom)
    SysTick_CLKSourceConfig                  0x08003561   Thumb Code    40  misc.o(i.SysTick_CLKSourceConfig)
    SysTick_Handler                          0x08003589   Thumb Code    16  delay.o(i.SysTick_Handler)
    SystemInit                               0x08003599   Thumb Code    78  system_stm32f10x.o(i.SystemInit)
    TB6612FNG_Init                           0x080035f9   Thumb Code    66  tb6612fng.o(i.TB6612FNG_Init)
    TIM1_Int_Init                            0x08003881   Thumb Code    98  timer.o(i.TIM1_Int_Init)
    TIM1_UP_IRQHandler                       0x080038e9   Thumb Code    72  timer.o(i.TIM1_UP_IRQHandler)
    TIM2_PWM_Init                            0x08003971   Thumb Code   164  timer.o(i.TIM2_PWM_Init)
    TIM_ARRPreloadConfig                     0x08003a19   Thumb Code    24  stm32f10x_tim.o(i.TIM_ARRPreloadConfig)
    TIM_ClearFlag                            0x08003a31   Thumb Code     6  stm32f10x_tim.o(i.TIM_ClearFlag)
    TIM_ClearITPendingBit                    0x08003a37   Thumb Code     6  stm32f10x_tim.o(i.TIM_ClearITPendingBit)
    TIM_Cmd                                  0x08003a3d   Thumb Code    24  stm32f10x_tim.o(i.TIM_Cmd)
    TIM_CtrlPWMOutputs                       0x08003a55   Thumb Code    30  stm32f10x_tim.o(i.TIM_CtrlPWMOutputs)
    TIM_EncoderInterfaceConfig               0x08003a73   Thumb Code    66  stm32f10x_tim.o(i.TIM_EncoderInterfaceConfig)
    TIM_GetITStatus                          0x08003ab5   Thumb Code    34  stm32f10x_tim.o(i.TIM_GetITStatus)
    TIM_ICInit                               0x08003ad9   Thumb Code   150  stm32f10x_tim.o(i.TIM_ICInit)
    TIM_ICStructInit                         0x08003b85   Thumb Code    18  stm32f10x_tim.o(i.TIM_ICStructInit)
    TIM_ITConfig                             0x08003b97   Thumb Code    18  stm32f10x_tim.o(i.TIM_ITConfig)
    TIM_OC3Init                              0x08003ba9   Thumb Code   150  stm32f10x_tim.o(i.TIM_OC3Init)
    TIM_OC3PreloadConfig                     0x08003c49   Thumb Code    18  stm32f10x_tim.o(i.TIM_OC3PreloadConfig)
    TIM_OC4Init                              0x08003c5d   Thumb Code   114  stm32f10x_tim.o(i.TIM_OC4Init)
    TIM_OC4PreloadConfig                     0x08003cd9   Thumb Code    26  stm32f10x_tim.o(i.TIM_OC4PreloadConfig)
    TIM_SetCompare3                          0x08003cf3   Thumb Code     4  stm32f10x_tim.o(i.TIM_SetCompare3)
    TIM_SetCompare4                          0x08003cf7   Thumb Code     6  stm32f10x_tim.o(i.TIM_SetCompare4)
    TIM_SetCounter                           0x08003cfd   Thumb Code     4  stm32f10x_tim.o(i.TIM_SetCounter)
    TIM_SetIC1Prescaler                      0x08003d01   Thumb Code    18  stm32f10x_tim.o(i.TIM_SetIC1Prescaler)
    TIM_SetIC2Prescaler                      0x08003d13   Thumb Code    26  stm32f10x_tim.o(i.TIM_SetIC2Prescaler)
    TIM_SetIC3Prescaler                      0x08003d2d   Thumb Code    18  stm32f10x_tim.o(i.TIM_SetIC3Prescaler)
    TIM_SetIC4Prescaler                      0x08003d3f   Thumb Code    26  stm32f10x_tim.o(i.TIM_SetIC4Prescaler)
    TIM_TimeBaseInit                         0x08003d59   Thumb Code   122  stm32f10x_tim.o(i.TIM_TimeBaseInit)
    TIM_TimeBaseStructInit                   0x08003dfd   Thumb Code    18  stm32f10x_tim.o(i.TIM_TimeBaseStructInit)
    USART1_IRQHandler                        0x08003e11   Thumb Code   268  usart.o(i.USART1_IRQHandler)
    USART3_IRQHandler                        0x08003f41   Thumb Code   394  usart3.o(i.USART3_IRQHandler)
    USART_ClearITPendingBit                  0x08004145   Thumb Code    30  stm32f10x_usart.o(i.USART_ClearITPendingBit)
    USART_Cmd                                0x08004163   Thumb Code    24  stm32f10x_usart.o(i.USART_Cmd)
    USART_DeInit                             0x0800417d   Thumb Code   134  stm32f10x_usart.o(i.USART_DeInit)
    USART_GetFlagStatus                      0x08004219   Thumb Code    26  stm32f10x_usart.o(i.USART_GetFlagStatus)
    USART_GetITStatus                        0x08004233   Thumb Code    84  stm32f10x_usart.o(i.USART_GetITStatus)
    USART_ITConfig                           0x08004287   Thumb Code    74  stm32f10x_usart.o(i.USART_ITConfig)
    USART_Init                               0x080042d1   Thumb Code   210  stm32f10x_usart.o(i.USART_Init)
    USART_ReceiveData                        0x080043a9   Thumb Code    10  stm32f10x_usart.o(i.USART_ReceiveData)
    USART_SendData                           0x080043b3   Thumb Code     8  stm32f10x_usart.o(i.USART_SendData)
    UsageFault_Handler                       0x080043bb   Thumb Code     4  stm32f10x_it.o(i.UsageFault_Handler)
    Write_IIC_Byte                           0x080043c1   Thumb Code    80  oled.o(i.Write_IIC_Byte)
    Write_IIC_Command                        0x08004415   Thumb Code    44  oled.o(i.Write_IIC_Command)
    Write_IIC_Data                           0x08004441   Thumb Code    44  oled.o(i.Write_IIC_Data)
    __ARM_fpclassify                         0x0800446d   Thumb Code    40  fpclassify.o(i.__ARM_fpclassify)
    _is_digit                                0x08004495   Thumb Code    14  __printf_wp.o(i._is_digit)
    _sys_exit                                0x080044a3   Thumb Code     4  usart.o(i._sys_exit)
    assign_task_task                         0x080044a9   Thumb Code   108  main.o(i.assign_task_task)
    car1_senddata_to_car2                    0x08004525   Thumb Code   144  car.o(i.car1_senddata_to_car2)
    car_run_time_callback                    0x080045f9   Thumb Code    38  main.o(i.car_run_time_callback)
    delay_init                               0x08004625   Thumb Code    74  delay.o(i.delay_init)
    delay_ms                                 0x08004681   Thumb Code    60  delay.o(i.delay_ms)
    delay_us                                 0x080046c1   Thumb Code    68  delay.o(i.delay_us)
    delay_xms                                0x08004709   Thumb Code    24  delay.o(i.delay_xms)
    fputc                                    0x08004721   Thumb Code    24  usart.o(i.fputc)
    jindaun_goback_task                      0x0800473d   Thumb Code   398  main.o(i.jindaun_goback_task)
    jindaun_task                             0x08004925   Thumb Code   312  main.o(i.jindaun_task)
    led0_task                                0x08004ab9   Thumb Code    24  main.o(i.led0_task)
    location_1_pid                           0x08004ad9   Thumb Code    56  tb6612fng.o(i.location_1_pid)
    location_2_pid                           0x08004b21   Thumb Code    56  tb6612fng.o(i.location_2_pid)
    location_pid_realize                     0x08004b69   Thumb Code    92  pid.o(i.location_pid_realize)
    main                                     0x08004bc5   Thumb Code   128  main.o(i.main)
    main_page                                0x08004c5d   Thumb Code    82  oled.o(i.main_page)
    main_page_data                           0x08004ce1   Thumb Code   240  oled.o(i.main_page_data)
    mem_init                                 0x08004e19   Thumb Code    38  malloc.o(i.mem_init)
    mem_perused                              0x08004e45   Thumb Code    34  malloc.o(i.mem_perused)
    mymemset                                 0x08004e6d   Thumb Code    20  malloc.o(i.mymemset)
    oled_pow                                 0x08004e81   Thumb Code    22  oled.o(i.oled_pow)
    oled_task                                0x08004e99   Thumb Code    24  main.o(i.oled_task)
    pvPortMalloc                             0x08005ac5   Thumb Code   302  heap_4.o(i.pvPortMalloc)
    pvTaskIncrementMutexHeldCount            0x08005c45   Thumb Code    26  tasks.o(i.pvTaskIncrementMutexHeldCount)
    pxPortInitialiseStack                    0x08005c65   Thumb Code    30  port.o(i.pxPortInitialiseStack)
    set_pid_target                           0x08005c89   Thumb Code     4  pid.o(i.set_pid_target)
    speed_1_pid                              0x08005c8d   Thumb Code    76  tb6612fng.o(i.speed_1_pid)
    speed_2_pid                              0x08005ce9   Thumb Code    76  tb6612fng.o(i.speed_2_pid)
    speed_pid_realize                        0x08005d45   Thumb Code   150  pid.o(i.speed_pid_realize)
    sport_mode_task                          0x08005de5   Thumb Code   830  main.o(i.sport_mode_task)
    start_task                               0x0800620d   Thumb Code   294  main.o(i.start_task)
    u3_printf                                0x08006405   Thumb Code    72  usart3.o(i.u3_printf)
    uart_init                                0x08006455   Thumb Code   154  usart.o(i.uart_init)
    usart3_init                              0x080064f9   Thumb Code   172  usart3.o(i.usart3_init)
    uxListRemove                             0x080065b1   Thumb Code    40  list.o(i.uxListRemove)
    vListInitialise                          0x080065d9   Thumb Code    26  list.o(i.vListInitialise)
    vListInitialiseItem                      0x080065f3   Thumb Code     6  list.o(i.vListInitialiseItem)
    vListInsert                              0x080065f9   Thumb Code    52  list.o(i.vListInsert)
    vListInsertEnd                           0x0800662d   Thumb Code    24  list.o(i.vListInsertEnd)
    vPortEnterCritical                       0x08006645   Thumb Code    68  port.o(i.vPortEnterCritical)
    vPortExitCritical                        0x080066cd   Thumb Code    48  port.o(i.vPortExitCritical)
    vPortFree                                0x0800673d   Thumb Code   130  heap_4.o(i.vPortFree)
    vPortSetupTimerInterrupt                 0x08006805   Thumb Code    36  port.o(i.vPortSetupTimerInterrupt)
    vPortValidateInterruptPriority           0x0800682d   Thumb Code    86  port.o(i.vPortValidateInterruptPriority)
    vQueueAddToRegistry                      0x080068cd   Thumb Code    84  queue.o(i.vQueueAddToRegistry)
    vQueueWaitForMessageRestricted           0x08006949   Thumb Code    74  queue.o(i.vQueueWaitForMessageRestricted)
    vTaskDelay                               0x08006995   Thumb Code    72  tasks.o(i.vTaskDelay)
    vTaskDelete                              0x08006a09   Thumb Code   200  tasks.o(i.vTaskDelete)
    vTaskInternalSetTimeOutState             0x08006b1d   Thumb Code    14  tasks.o(i.vTaskInternalSetTimeOutState)
    vTaskMissedYield                         0x08006b35   Thumb Code     8  tasks.o(i.vTaskMissedYield)
    vTaskPlaceOnEventList                    0x08006b41   Thumb Code    42  tasks.o(i.vTaskPlaceOnEventList)
    vTaskPlaceOnEventListRestricted          0x08006b95   Thumb Code    84  tasks.o(i.vTaskPlaceOnEventListRestricted)
    vTaskPriorityDisinheritAfterTimeout      0x08006c11   Thumb Code   248  tasks.o(i.vTaskPriorityDisinheritAfterTimeout)
    vTaskResume                              0x08006d39   Thumb Code   170  tasks.o(i.vTaskResume)
    vTaskStartScheduler                      0x08006e19   Thumb Code   112  tasks.o(i.vTaskStartScheduler)
    vTaskSuspend                             0x08006ecd   Thumb Code   214  tasks.o(i.vTaskSuspend)
    vTaskSuspendAll                          0x08006fe9   Thumb Code    12  tasks.o(i.vTaskSuspendAll)
    vTaskSwitchContext                       0x08006ff9   Thumb Code   110  tasks.o(i.vTaskSwitchContext)
    xEventGroupCreate                        0x080070a1   Thumb Code    26  event_groups.o(i.xEventGroupCreate)
    xPortStartScheduler                      0x080070bd   Thumb Code   240  port.o(i.xPortStartScheduler)
    xPortSysTickHandler                      0x080071fd   Thumb Code    46  port.o(i.xPortSysTickHandler)
    xQueueGenericCreate                      0x08007231   Thumb Code    92  queue.o(i.xQueueGenericCreate)
    xQueueGenericReset                       0x080072b1   Thumb Code   194  queue.o(i.xQueueGenericReset)
    xQueueGenericSend                        0x0800739d   Thumb Code   426  queue.o(i.xQueueGenericSend)
    xQueueGenericSendFromISR                 0x08007571   Thumb Code   270  queue.o(i.xQueueGenericSendFromISR)
    xQueueGiveFromISR                        0x080076a5   Thumb Code   240  queue.o(i.xQueueGiveFromISR)
    xQueueReceive                            0x080077b9   Thumb Code   326  queue.o(i.xQueueReceive)
    xQueueSemaphoreTake                      0x08007929   Thumb Code   394  queue.o(i.xQueueSemaphoreTake)
    xTaskCheckForTimeOut                     0x08007add   Thumb Code   116  tasks.o(i.xTaskCheckForTimeOut)
    xTaskCreate                              0x08007b7d   Thumb Code    96  tasks.o(i.xTaskCreate)
    xTaskGetSchedulerState                   0x08007bdd   Thumb Code    24  tasks.o(i.xTaskGetSchedulerState)
    xTaskGetTickCount                        0x08007bfd   Thumb Code     6  tasks.o(i.xTaskGetTickCount)
    xTaskIncrementTick                       0x08007c09   Thumb Code   388  tasks.o(i.xTaskIncrementTick)
    xTaskPriorityDisinherit                  0x08007ddd   Thumb Code   206  tasks.o(i.xTaskPriorityDisinherit)
    xTaskPriorityInherit                     0x08007edd   Thumb Code   224  tasks.o(i.xTaskPriorityInherit)
    xTaskRemoveFromEventList                 0x08007fc9   Thumb Code   254  tasks.o(i.xTaskRemoveFromEventList)
    xTaskResumeAll                           0x08008105   Thumb Code   328  tasks.o(i.xTaskResumeAll)
    xTimerCreate                             0x08008295   Thumb Code    54  timers.o(i.xTimerCreate)
    xTimerCreateTimerTask                    0x080082cd   Thumb Code    56  timers.o(i.xTimerCreateTimerTask)
    xTimerGenericCommand                     0x08008341   Thumb Code   118  timers.o(i.xTimerGenericCommand)
    zhongdaun_goback_task                    0x080083e5   Thumb Code  1330  main.o(i.zhongdaun_goback_task)
    zhongdaun_task                           0x08008921   Thumb Code  3154  main.o(i.zhongdaun_task)
    _get_lc_numeric                          0x080095ed   Thumb Code    44  lc_numeric_c.o(locale$$code)
    _get_lc_ctype                            0x08009619   Thumb Code    44  lc_ctype_c.o(locale$$code)
    __aeabi_d2f                              0x08009645   Thumb Code     0  d2f.o(x$fpl$d2f)
    _d2f                                     0x08009645   Thumb Code    98  d2f.o(x$fpl$d2f)
    __aeabi_ddiv                             0x080096a9   Thumb Code     0  ddiv.o(x$fpl$ddiv)
    _ddiv                                    0x080096a9   Thumb Code   552  ddiv.o(x$fpl$ddiv)
    __aeabi_ui2d                             0x08009959   Thumb Code     0  dflt_clz.o(x$fpl$dfltu)
    _dfltu                                   0x08009959   Thumb Code    38  dflt_clz.o(x$fpl$dfltu)
    __aeabi_dmul                             0x08009981   Thumb Code     0  dmul.o(x$fpl$dmul)
    _dmul                                    0x08009981   Thumb Code   332  dmul.o(x$fpl$dmul)
    __fpl_dnaninf                            0x08009ad5   Thumb Code   156  dnaninf.o(x$fpl$dnaninf)
    __fpl_dretinf                            0x08009b71   Thumb Code    12  dretinf.o(x$fpl$dretinf)
    __aeabi_f2d                              0x08009b7d   Thumb Code     0  f2d.o(x$fpl$f2d)
    _f2d                                     0x08009b7d   Thumb Code    86  f2d.o(x$fpl$f2d)
    __aeabi_fadd                             0x08009bd5   Thumb Code     0  faddsub_clz.o(x$fpl$fadd)
    _fadd                                    0x08009bd5   Thumb Code   196  faddsub_clz.o(x$fpl$fadd)
    __fpl_fcmp_Inf                           0x08009c99   Thumb Code    24  fcmpi.o(x$fpl$fcmpinf)
    __aeabi_fdiv                             0x08009cb1   Thumb Code     0  fdiv.o(x$fpl$fdiv)
    _fdiv                                    0x08009cb1   Thumb Code   384  fdiv.o(x$fpl$fdiv)
    __aeabi_f2iz                             0x08009e35   Thumb Code     0  ffix.o(x$fpl$ffix)
    _ffix                                    0x08009e35   Thumb Code    54  ffix.o(x$fpl$ffix)
    __aeabi_i2f                              0x08009e6d   Thumb Code     0  fflt_clz.o(x$fpl$fflt)
    _fflt                                    0x08009e6d   Thumb Code    48  fflt_clz.o(x$fpl$fflt)
    __aeabi_ui2f                             0x08009e9d   Thumb Code     0  fflt_clz.o(x$fpl$ffltu)
    _ffltu                                   0x08009e9d   Thumb Code    38  fflt_clz.o(x$fpl$ffltu)
    __aeabi_cfcmple                          0x08009ec5   Thumb Code     0  fleqf.o(x$fpl$fleqf)
    _fcmple                                  0x08009ec5   Thumb Code   104  fleqf.o(x$fpl$fleqf)
    __fpl_fcmple_InfNaN                      0x08009f17   Thumb Code     0  fleqf.o(x$fpl$fleqf)
    __aeabi_fmul                             0x08009f2d   Thumb Code     0  fmul.o(x$fpl$fmul)
    _fmul                                    0x08009f2d   Thumb Code   258  fmul.o(x$fpl$fmul)
    __fpl_fnaninf                            0x0800a02f   Thumb Code   140  fnaninf.o(x$fpl$fnaninf)
    __fpl_fretinf                            0x0800a0bb   Thumb Code    10  fretinf.o(x$fpl$fretinf)
    __aeabi_cfrcmple                         0x0800a0c5   Thumb Code     0  frleqf.o(x$fpl$frleqf)
    _frcmple                                 0x0800a0c5   Thumb Code    98  frleqf.o(x$fpl$frleqf)
    __aeabi_frsub                            0x0800a127   Thumb Code     0  faddsub_clz.o(x$fpl$frsb)
    _frsb                                    0x0800a127   Thumb Code    20  faddsub_clz.o(x$fpl$frsb)
    __aeabi_fsub                             0x0800a13d   Thumb Code     0  faddsub_clz.o(x$fpl$fsub)
    _fsub                                    0x0800a13d   Thumb Code   234  faddsub_clz.o(x$fpl$fsub)
    _printf_fp_dec                           0x0800a227   Thumb Code     4  printf1.o(x$fpl$printf1)
    _printf_fp_hex                           0x0800a22b   Thumb Code     4  printf2.o(x$fpl$printf2)
    F6x8                                     0x0800a22e   Data         552  oled.o(.constdata)
    __I$use$fp                               0x0800a22e   Number         0  usenofp.o(x$fpl$usenofp)
    F8X16                                    0x0800a456   Data        1520  oled.o(.constdata)
    Region$$Table$$Base                      0x0800ab44   Number         0  anon$$obj.o(Region$$Table)
    Region$$Table$$Limit                     0x0800ab64   Number         0  anon$$obj.o(Region$$Table)
    __ctype                                  0x0800ab8d   Data           0  lc_ctype_c.o(locale$$data)
    StartTask_Handler                        0x20000000   Data           4  main.o(.data)
    LED0Task_Handler                         0x20000004   Data           4  main.o(.data)
    SPORT_MODETask_Handler                   0x20000008   Data           4  main.o(.data)
    OLEDTask_Handler                         0x2000000c   Data           4  main.o(.data)
    JINDUANTask_Handler                      0x20000010   Data           4  main.o(.data)
    JINDUAN_GOBACKTask_Handler               0x20000014   Data           4  main.o(.data)
    ZHONGDUANTask_Handler                    0x20000018   Data           4  main.o(.data)
    ZHONGDUAN_GOBACKTask_Handler             0x2000001c   Data           4  main.o(.data)
    ASSIGN_TASKTask_Handler                  0x20000020   Data           4  main.o(.data)
    Sport_Mode_Bin_SemaphoreHandle           0x20000024   Data           4  main.o(.data)
    Oled_Show_Bin_SemaphoreHandle            0x20000028   Data           4  main.o(.data)
    Action_Group_EventGroupHandle            0x2000002c   Data           4  main.o(.data)
    Car_Run_Time_Handle                      0x20000030   Data           4  main.o(.data)
    Car_Mid_Back_LoR_Flag                    0x20000034   Data           1  main.o(.data)
    Car_Far_Back_LoR_Flag_1                  0x20000035   Data           1  main.o(.data)
    Car_Far_Back_LoR_Flag_2                  0x20000036   Data           1  main.o(.data)
    SystemCoreClock                          0x20000038   Data           4  system_stm32f10x.o(.data)
    AHBPrescTable                            0x2000003c   Data          16  system_stm32f10x.o(.data)
    location_control_count                   0x2000004c   Data           1  tb6612fng.o(.data)
    Encoder_A_EXTI                           0x2000004e   Data           2  tb6612fng.o(.data)
    Motor_1_Pulse                            0x20000050   Data           2  tb6612fng.o(.data)
    Motor_2_Pulse                            0x20000052   Data           2  tb6612fng.o(.data)
    Motor_1_PulseSigma                       0x20000054   Data           4  tb6612fng.o(.data)
    Motor_2_PulseSigma                       0x20000058   Data           4  tb6612fng.o(.data)
    Motor_1_Journey_CM                       0x2000005c   Data           4  tb6612fng.o(.data)
    Motor_2_Journey_CM                       0x20000060   Data           4  tb6612fng.o(.data)
    Speed_1_Outval                           0x20000064   Data           4  tb6612fng.o(.data)
    Location_1_Outval                        0x20000068   Data           4  tb6612fng.o(.data)
    Speed_2_Outval                           0x2000006c   Data           4  tb6612fng.o(.data)
    Location_2_Outval                        0x20000070   Data           4  tb6612fng.o(.data)
    Staright_Flag                            0x20000074   Data           1  tb6612fng.o(.data)
    Staright_End_Flag                        0x20000075   Data           1  tb6612fng.o(.data)
    Stop_Flag                                0x20000076   Data           1  tb6612fng.o(.data)
    Spin_Start_Flag                          0x20000077   Data           1  tb6612fng.o(.data)
    Spin_End_Flag                            0x20000078   Data           1  tb6612fng.o(.data)
    g_fTargetJourney                         0x2000007c   Data           4  tb6612fng.o(.data)
    stop_count                               0x20000080   Data           1  tb6612fng.o(.data)
    spin_count                               0x20000081   Data           1  tb6612fng.o(.data)
    check_cmd_result                         0x20000082   Data           1  usart3.o(.data)
    cmd_flag                                 0x20000083   Data           1  usart3.o(.data)
    USART3_RX_STA                            0x20000084   Data           2  usart3.o(.data)
    ReceiveData_Com                          0x20000086   Data           1  usart3.o(.data)
    str_len                                  0x20000087   Data           1  usart3.o(.data)
    s1                                       0x20000088   Data           1  usart3.o(.data)
    is_dat                                   0x20000089   Data           1  usart3.o(.data)
    TargetNum                                0x2000008a   Data           1  usart3.o(.data)
    TASK                                     0x2000008b   Data           1  usart3.o(.data)
    Openmv_Data                              0x2000008c   Data           4  usart3.o(.data)
    TargetRoom                               0x20000090   Data           1  usart3.o(.data)
    __stdout                                 0x20000098   Data           4  usart.o(.data)
    USART_RX_STA                             0x2000009c   Data           2  usart.o(.data)
    mallco_dev                               0x200000b4   Data          20  malloc.o(.data)
    pxCurrentTCB                             0x200000c8   Data           4  tasks.o(.data)
    uxTopUsedPriority                        0x20000100   Data           4  tasks.o(.data)
    car_status                               0x20000148   Data          18  oled.o(.bss)
    Pid_Speed1                               0x2000015c   Data          32  pid.o(.bss)
    Pid_Speed2                               0x2000017c   Data          32  pid.o(.bss)
    Pid_Location1                            0x2000019c   Data          32  pid.o(.bss)
    Pid_Location2                            0x200001bc   Data          32  pid.o(.bss)
    USART3_RX_BUF                            0x200001dc   Data         400  usart3.o(.bss)
    USART3_TX_BUF                            0x2000036c   Data         600  usart3.o(.bss)
    car1_send_data                           0x200005ce   Data          13  car.o(.bss)
    car1_receive_data                        0x200005db   Data           9  car.o(.bss)
    USART_RX_BUF                             0x200005e4   Data         200  usart.o(.bss)
    membase                                  0x200006ac   Data        2048  malloc.o(.bss)
    memmapbase                               0x20000eac   Data         256  malloc.o(.bss)
    xQueueRegistry                           0x20000fac   Data          64  queue.o(.bss)
    __libspace_start                         0x200046f8   Data          96  libspace.o(.bss)
    __temporary_stack_top$libspace           0x20004758   Data           0  libspace.o(.bss)



==============================================================================

Memory Map of the image

  Image Entry point : 0x080000ed

  Load Region LR_IROM1 (Base: 0x08000000, Size: 0x0000add8, Max: 0x00010000, ABSOLUTE, COMPRESSED[0x0000acc8])

    Execution Region ER_IROM1 (Exec base: 0x08000000, Load base: 0x08000000, Size: 0x0000ac90, Max: 0x00010000, ABSOLUTE)

    Exec Addr    Load Addr    Size         Type   Attr      Idx    E Section Name        Object

    0x08000000   0x08000000   0x000000ec   Data   RO         1027    RESET               startup_stm32f10x_md.o
    0x080000ec   0x080000ec   0x00000008   Code   RO         3525  * !!!main             c_w.l(__main.o)
    0x080000f4   0x080000f4   0x00000034   Code   RO         3874    !!!scatter          c_w.l(__scatter.o)
    0x08000128   0x08000128   0x0000005a   Code   RO         3872    !!dczerorl2         c_w.l(__dczerorl2.o)
    0x08000182   0x08000182   0x00000002   PAD
    0x08000184   0x08000184   0x0000001c   Code   RO         3876    !!handler_zi        c_w.l(__scatter_zi.o)
    0x080001a0   0x080001a0   0x00000000   Code   RO         3508    .ARM.Collect$$_printf_percent$$00000000  c_w.l(_printf_percent.o)
    0x080001a0   0x080001a0   0x00000006   Code   RO         3624    .ARM.Collect$$_printf_percent$$00000001  c_w.l(_printf_n.o)
    0x080001a6   0x080001a6   0x00000006   Code   RO         3626    .ARM.Collect$$_printf_percent$$00000002  c_w.l(_printf_p.o)
    0x080001ac   0x080001ac   0x00000006   Code   RO         3507    .ARM.Collect$$_printf_percent$$00000003  c_w.l(_printf_f.o)
    0x080001b2   0x080001b2   0x00000006   Code   RO         3629    .ARM.Collect$$_printf_percent$$00000004  c_w.l(_printf_e.o)
    0x080001b8   0x080001b8   0x00000006   Code   RO         3630    .ARM.Collect$$_printf_percent$$00000005  c_w.l(_printf_g.o)
    0x080001be   0x080001be   0x00000006   Code   RO         3631    .ARM.Collect$$_printf_percent$$00000006  c_w.l(_printf_a.o)
    0x080001c4   0x080001c4   0x0000000a   Code   RO         3636    .ARM.Collect$$_printf_percent$$00000007  c_w.l(_printf_ll.o)
    0x080001ce   0x080001ce   0x00000006   Code   RO         3628    .ARM.Collect$$_printf_percent$$00000008  c_w.l(_printf_i.o)
    0x080001d4   0x080001d4   0x00000006   Code   RO         3505    .ARM.Collect$$_printf_percent$$00000009  c_w.l(_printf_d.o)
    0x080001da   0x080001da   0x00000006   Code   RO         3506    .ARM.Collect$$_printf_percent$$0000000A  c_w.l(_printf_u.o)
    0x080001e0   0x080001e0   0x00000006   Code   RO         3627    .ARM.Collect$$_printf_percent$$0000000B  c_w.l(_printf_o.o)
    0x080001e6   0x080001e6   0x00000006   Code   RO         3625    .ARM.Collect$$_printf_percent$$0000000C  c_w.l(_printf_x.o)
    0x080001ec   0x080001ec   0x00000006   Code   RO         3633    .ARM.Collect$$_printf_percent$$0000000D  c_w.l(_printf_lli.o)
    0x080001f2   0x080001f2   0x00000006   Code   RO         3634    .ARM.Collect$$_printf_percent$$0000000E  c_w.l(_printf_lld.o)
    0x080001f8   0x080001f8   0x00000006   Code   RO         3635    .ARM.Collect$$_printf_percent$$0000000F  c_w.l(_printf_llu.o)
    0x080001fe   0x080001fe   0x00000006   Code   RO         3640    .ARM.Collect$$_printf_percent$$00000010  c_w.l(_printf_llo.o)
    0x08000204   0x08000204   0x00000006   Code   RO         3641    .ARM.Collect$$_printf_percent$$00000011  c_w.l(_printf_llx.o)
    0x0800020a   0x0800020a   0x0000000a   Code   RO         3637    .ARM.Collect$$_printf_percent$$00000012  c_w.l(_printf_l.o)
    0x08000214   0x08000214   0x00000006   Code   RO         3503    .ARM.Collect$$_printf_percent$$00000013  c_w.l(_printf_c.o)
    0x0800021a   0x0800021a   0x00000006   Code   RO         3504    .ARM.Collect$$_printf_percent$$00000014  c_w.l(_printf_s.o)
    0x08000220   0x08000220   0x00000006   Code   RO         3638    .ARM.Collect$$_printf_percent$$00000015  c_w.l(_printf_lc.o)
    0x08000226   0x08000226   0x00000006   Code   RO         3639    .ARM.Collect$$_printf_percent$$00000016  c_w.l(_printf_ls.o)
    0x0800022c   0x0800022c   0x00000004   Code   RO         3632    .ARM.Collect$$_printf_percent$$00000017  c_w.l(_printf_percent_end.o)
    0x08000230   0x08000230   0x00000002   Code   RO         3746    .ARM.Collect$$libinit$$00000000  c_w.l(libinit.o)
    0x08000232   0x08000232   0x00000000   Code   RO         3748    .ARM.Collect$$libinit$$00000002  c_w.l(libinit2.o)
    0x08000232   0x08000232   0x00000000   Code   RO         3750    .ARM.Collect$$libinit$$00000004  c_w.l(libinit2.o)
    0x08000232   0x08000232   0x00000000   Code   RO         3753    .ARM.Collect$$libinit$$0000000A  c_w.l(libinit2.o)
    0x08000232   0x08000232   0x00000000   Code   RO         3755    .ARM.Collect$$libinit$$0000000C  c_w.l(libinit2.o)
    0x08000232   0x08000232   0x00000000   Code   RO         3757    .ARM.Collect$$libinit$$0000000E  c_w.l(libinit2.o)
    0x08000232   0x08000232   0x00000006   Code   RO         3758    .ARM.Collect$$libinit$$0000000F  c_w.l(libinit2.o)
    0x08000238   0x08000238   0x00000000   Code   RO         3760    .ARM.Collect$$libinit$$00000011  c_w.l(libinit2.o)
    0x08000238   0x08000238   0x0000000c   Code   RO         3761    .ARM.Collect$$libinit$$00000012  c_w.l(libinit2.o)
    0x08000244   0x08000244   0x00000000   Code   RO         3762    .ARM.Collect$$libinit$$00000013  c_w.l(libinit2.o)
    0x08000244   0x08000244   0x00000000   Code   RO         3764    .ARM.Collect$$libinit$$00000015  c_w.l(libinit2.o)
    0x08000244   0x08000244   0x0000000a   Code   RO         3765    .ARM.Collect$$libinit$$00000016  c_w.l(libinit2.o)
    0x0800024e   0x0800024e   0x00000000   Code   RO         3766    .ARM.Collect$$libinit$$00000017  c_w.l(libinit2.o)
    0x0800024e   0x0800024e   0x00000000   Code   RO         3768    .ARM.Collect$$libinit$$00000019  c_w.l(libinit2.o)
    0x0800024e   0x0800024e   0x00000000   Code   RO         3770    .ARM.Collect$$libinit$$0000001B  c_w.l(libinit2.o)
    0x0800024e   0x0800024e   0x00000000   Code   RO         3772    .ARM.Collect$$libinit$$0000001D  c_w.l(libinit2.o)
    0x0800024e   0x0800024e   0x00000000   Code   RO         3774    .ARM.Collect$$libinit$$0000001F  c_w.l(libinit2.o)
    0x0800024e   0x0800024e   0x00000000   Code   RO         3776    .ARM.Collect$$libinit$$00000021  c_w.l(libinit2.o)
    0x0800024e   0x0800024e   0x00000000   Code   RO         3778    .ARM.Collect$$libinit$$00000023  c_w.l(libinit2.o)
    0x0800024e   0x0800024e   0x00000000   Code   RO         3780    .ARM.Collect$$libinit$$00000025  c_w.l(libinit2.o)
    0x0800024e   0x0800024e   0x00000000   Code   RO         3784    .ARM.Collect$$libinit$$0000002C  c_w.l(libinit2.o)
    0x0800024e   0x0800024e   0x00000000   Code   RO         3786    .ARM.Collect$$libinit$$0000002E  c_w.l(libinit2.o)
    0x0800024e   0x0800024e   0x00000000   Code   RO         3788    .ARM.Collect$$libinit$$00000030  c_w.l(libinit2.o)
    0x0800024e   0x0800024e   0x00000000   Code   RO         3790    .ARM.Collect$$libinit$$00000032  c_w.l(libinit2.o)
    0x0800024e   0x0800024e   0x00000002   Code   RO         3791    .ARM.Collect$$libinit$$00000033  c_w.l(libinit2.o)
    0x08000250   0x08000250   0x00000002   Code   RO         3822    .ARM.Collect$$libshutdown$$00000000  c_w.l(libshutdown.o)
    0x08000252   0x08000252   0x00000000   Code   RO         3831    .ARM.Collect$$libshutdown$$00000002  c_w.l(libshutdown2.o)
    0x08000252   0x08000252   0x00000000   Code   RO         3833    .ARM.Collect$$libshutdown$$00000004  c_w.l(libshutdown2.o)
    0x08000252   0x08000252   0x00000000   Code   RO         3836    .ARM.Collect$$libshutdown$$00000007  c_w.l(libshutdown2.o)
    0x08000252   0x08000252   0x00000000   Code   RO         3839    .ARM.Collect$$libshutdown$$0000000A  c_w.l(libshutdown2.o)
    0x08000252   0x08000252   0x00000000   Code   RO         3841    .ARM.Collect$$libshutdown$$0000000C  c_w.l(libshutdown2.o)
    0x08000252   0x08000252   0x00000000   Code   RO         3844    .ARM.Collect$$libshutdown$$0000000F  c_w.l(libshutdown2.o)
    0x08000252   0x08000252   0x00000002   Code   RO         3845    .ARM.Collect$$libshutdown$$00000010  c_w.l(libshutdown2.o)
    0x08000254   0x08000254   0x00000000   Code   RO         3573    .ARM.Collect$$rtentry$$00000000  c_w.l(__rtentry.o)
    0x08000254   0x08000254   0x00000000   Code   RO         3662    .ARM.Collect$$rtentry$$00000002  c_w.l(__rtentry2.o)
    0x08000254   0x08000254   0x00000006   Code   RO         3674    .ARM.Collect$$rtentry$$00000004  c_w.l(__rtentry4.o)
    0x0800025a   0x0800025a   0x00000000   Code   RO         3664    .ARM.Collect$$rtentry$$00000009  c_w.l(__rtentry2.o)
    0x0800025a   0x0800025a   0x00000004   Code   RO         3665    .ARM.Collect$$rtentry$$0000000A  c_w.l(__rtentry2.o)
    0x0800025e   0x0800025e   0x00000000   Code   RO         3667    .ARM.Collect$$rtentry$$0000000C  c_w.l(__rtentry2.o)
    0x0800025e   0x0800025e   0x00000008   Code   RO         3668    .ARM.Collect$$rtentry$$0000000D  c_w.l(__rtentry2.o)
    0x08000266   0x08000266   0x00000002   Code   RO         3792    .ARM.Collect$$rtexit$$00000000  c_w.l(rtexit.o)
    0x08000268   0x08000268   0x00000000   Code   RO         3802    .ARM.Collect$$rtexit$$00000002  c_w.l(rtexit2.o)
    0x08000268   0x08000268   0x00000004   Code   RO         3803    .ARM.Collect$$rtexit$$00000003  c_w.l(rtexit2.o)
    0x0800026c   0x0800026c   0x00000006   Code   RO         3804    .ARM.Collect$$rtexit$$00000004  c_w.l(rtexit2.o)
    0x08000272   0x08000272   0x00000002   PAD
    0x08000274   0x08000274   0x00000096   Code   RO         3386    .emb_text           port.o
    0x0800030a   0x0800030a   0x00000002   PAD
    0x0800030c   0x0800030c   0x00000040   Code   RO         1028    .text               startup_stm32f10x_md.o
    0x0800034c   0x0800034c   0x00000002   Code   RO         3465    .text               c_w.l(use_no_semi_2.o)
    0x0800034e   0x0800034e   0x00000002   PAD
    0x08000350   0x08000350   0x00000024   Code   RO         3467    .text               c_w.l(vsprintf.o)
    0x08000374   0x08000374   0x00000018   Code   RO         3469    .text               c_w.l(__2printf.o)
    0x0800038c   0x0800038c   0x00000052   Code   RO         3479    .text               c_w.l(_printf_str.o)
    0x080003de   0x080003de   0x00000002   PAD
    0x080003e0   0x080003e0   0x00000078   Code   RO         3481    .text               c_w.l(_printf_dec.o)
    0x08000458   0x08000458   0x00000188   Code   RO         3500    .text               c_w.l(__printf_flags_ss_wp.o)
    0x080005e0   0x080005e0   0x0000003e   Code   RO         3511    .text               c_w.l(strlen.o)
    0x0800061e   0x0800061e   0x0000008a   Code   RO         3513    .text               c_w.l(rt_memcpy_v6.o)
    0x080006a8   0x080006a8   0x00000010   Code   RO         3517    .text               c_w.l(aeabi_memset.o)
    0x080006b8   0x080006b8   0x00000044   Code   RO         3519    .text               c_w.l(rt_memclr.o)
    0x080006fc   0x080006fc   0x0000004e   Code   RO         3521    .text               c_w.l(rt_memclr_w.o)
    0x0800074a   0x0800074a   0x00000006   Code   RO         3523    .text               c_w.l(heapauxi.o)
    0x08000750   0x08000750   0x00000002   Code   RO         3571    .text               c_w.l(use_no_semi.o)
    0x08000752   0x08000752   0x0000004e   Code   RO         3574    .text               c_w.l(_printf_pad.o)
    0x080007a0   0x080007a0   0x00000024   Code   RO         3576    .text               c_w.l(_printf_truncate.o)
    0x080007c4   0x080007c4   0x000000b2   Code   RO         3578    .text               c_w.l(_printf_intcommon.o)
    0x08000876   0x08000876   0x00000028   Code   RO         3580    .text               c_w.l(_printf_charcount.o)
    0x0800089e   0x0800089e   0x0000041e   Code   RO         3582    .text               c_w.l(_printf_fp_dec.o)
    0x08000cbc   0x08000cbc   0x00000030   Code   RO         3584    .text               c_w.l(_printf_char_common.o)
    0x08000cec   0x08000cec   0x0000000a   Code   RO         3586    .text               c_w.l(_sputc.o)
    0x08000cf6   0x08000cf6   0x0000002c   Code   RO         3588    .text               c_w.l(_printf_char.o)
    0x08000d22   0x08000d22   0x00000002   PAD
    0x08000d24   0x08000d24   0x00000024   Code   RO         3590    .text               c_w.l(_printf_char_file.o)
    0x08000d48   0x08000d48   0x000000bc   Code   RO         3592    .text               c_w.l(_printf_wctomb.o)
    0x08000e04   0x08000e04   0x0000007c   Code   RO         3595    .text               c_w.l(_printf_longlong_dec.o)
    0x08000e80   0x08000e80   0x00000070   Code   RO         3601    .text               c_w.l(_printf_oct_int_ll.o)
    0x08000ef0   0x08000ef0   0x00000094   Code   RO         3621    .text               c_w.l(_printf_hex_int_ll_ptr.o)
    0x08000f84   0x08000f84   0x00000064   Code   RO         3642    .text               c_w.l(rt_memcpy_w.o)
    0x08000fe8   0x08000fe8   0x00000008   Code   RO         3679    .text               c_w.l(rt_locale_intlibspace.o)
    0x08000ff0   0x08000ff0   0x0000008a   Code   RO         3681    .text               c_w.l(lludiv10.o)
    0x0800107a   0x0800107a   0x00000002   PAD
    0x0800107c   0x0800107c   0x000002fc   Code   RO         3683    .text               c_w.l(_printf_fp_hex.o)
    0x08001378   0x08001378   0x00000080   Code   RO         3686    .text               c_w.l(_printf_fp_infnan.o)
    0x080013f8   0x080013f8   0x0000002c   Code   RO         3690    .text               c_w.l(_printf_wchar.o)
    0x08001424   0x08001424   0x000000e4   Code   RO         3692    .text               c_w.l(bigflt0.o)
    0x08001508   0x08001508   0x00000008   Code   RO         3717    .text               c_w.l(ferror.o)
    0x08001510   0x08001510   0x00000040   Code   RO         3721    .text               c_w.l(_wcrtomb.o)
    0x08001550   0x08001550   0x00000008   Code   RO         3730    .text               c_w.l(libspace.o)
    0x08001558   0x08001558   0x0000004a   Code   RO         3733    .text               c_w.l(sys_stackheap_outer.o)
    0x080015a2   0x080015a2   0x00000002   PAD
    0x080015a4   0x080015a4   0x00000010   Code   RO         3735    .text               c_w.l(rt_ctype_table.o)
    0x080015b4   0x080015b4   0x00000012   Code   RO         3737    .text               c_w.l(exit.o)
    0x080015c6   0x080015c6   0x00000002   PAD
    0x080015c8   0x080015c8   0x00000080   Code   RO         3739    .text               c_w.l(strcmpv7m.o)
    0x08001648   0x08001648   0x0000003e   Code   RO         3695    CL$$btod_d2e        c_w.l(btod.o)
    0x08001686   0x08001686   0x00000046   Code   RO         3697    CL$$btod_d2e_denorm_low  c_w.l(btod.o)
    0x080016cc   0x080016cc   0x00000060   Code   RO         3696    CL$$btod_d2e_norm_op1  c_w.l(btod.o)
    0x0800172c   0x0800172c   0x00000338   Code   RO         3705    CL$$btod_div_common  c_w.l(btod.o)
    0x08001a64   0x08001a64   0x000000dc   Code   RO         3702    CL$$btod_e2e        c_w.l(btod.o)
    0x08001b40   0x08001b40   0x0000002a   Code   RO         3699    CL$$btod_ediv       c_w.l(btod.o)
    0x08001b6a   0x08001b6a   0x0000002a   Code   RO         3698    CL$$btod_emul       c_w.l(btod.o)
    0x08001b94   0x08001b94   0x00000244   Code   RO         3704    CL$$btod_mult_common  c_w.l(btod.o)
    0x08001dd8   0x08001dd8   0x00000004   Code   RO          266    i.BusFault_Handler  stm32f10x_it.o
    0x08001ddc   0x08001ddc   0x000000e4   Code   RO          602    i.Car_Go            tb6612fng.o
    0x08001ec0   0x08001ec0   0x000004dc   Code   RO          603    i.Car_Spin          tb6612fng.o
    0x0800239c   0x0800239c   0x00000280   Code   RO          762    i.Car_Staright_Control  graysensor.o
    0x0800261c   0x0800261c   0x00000070   Code   RO          604    i.Car_Stop          tb6612fng.o
    0x0800268c   0x0800268c   0x00000002   Code   RO          267    i.DebugMon_Handler  stm32f10x_it.o
    0x0800268e   0x0800268e   0x00000002   PAD
    0x08002690   0x08002690   0x00000078   Code   RO          763    i.EXTI1_IRQHandler  graysensor.o
    0x08002708   0x08002708   0x0000000c   Code   RO         2111    i.EXTI_ClearITPendingBit  stm32f10x_exti.o
    0x08002714   0x08002714   0x00000094   Code   RO         2116    i.EXTI_Init         stm32f10x_exti.o
    0x080027a8   0x080027a8   0x000000a0   Code   RO          384    i.Encoder_Init_TIM3  timer.o
    0x08002848   0x08002848   0x000000a0   Code   RO          385    i.Encoder_Init_TIM4  timer.o
    0x080028e8   0x080028e8   0x00000040   Code   RO         1035    i.GPIO_EXTILineConfig  stm32f10x_gpio.o
    0x08002928   0x08002928   0x00000116   Code   RO         1038    i.GPIO_Init         stm32f10x_gpio.o
    0x08002a3e   0x08002a3e   0x00000002   PAD
    0x08002a40   0x08002a40   0x00000090   Code   RO         1040    i.GPIO_PinRemapConfig  stm32f10x_gpio.o
    0x08002ad0   0x08002ad0   0x00000012   Code   RO         1042    i.GPIO_ReadInputDataBit  stm32f10x_gpio.o
    0x08002ae2   0x08002ae2   0x00000004   Code   RO         1045    i.GPIO_ResetBits    stm32f10x_gpio.o
    0x08002ae6   0x08002ae6   0x00000004   Code   RO         1046    i.GPIO_SetBits      stm32f10x_gpio.o
    0x08002aea   0x08002aea   0x00000002   PAD
    0x08002aec   0x08002aec   0x000000b0   Code   RO          764    i.GraySensor_Init   graysensor.o
    0x08002b9c   0x08002b9c   0x00000004   Code   RO          268    i.HardFault_Handler  stm32f10x_it.o
    0x08002ba0   0x08002ba0   0x00000028   Code   RO          438    i.IIC_Start         oled.o
    0x08002bc8   0x08002bc8   0x00000020   Code   RO          439    i.IIC_Stop          oled.o
    0x08002be8   0x08002be8   0x00000018   Code   RO          440    i.IIC_Wait_Ack      oled.o
    0x08002c00   0x08002c00   0x00000074   Code   RO          371    i.LED_Init          led.o
    0x08002c74   0x08002c74   0x00000064   Code   RO          605    i.Location_Speed_Control  tb6612fng.o
    0x08002cd8   0x08002cd8   0x00000004   Code   RO          269    i.MemManage_Handler  stm32f10x_it.o
    0x08002cdc   0x08002cdc   0x00000018   Code   RO          606    i.Motor1_Forward    tb6612fng.o
    0x08002cf4   0x08002cf4   0x00000018   Code   RO          607    i.Motor1_Retreat    tb6612fng.o
    0x08002d0c   0x08002d0c   0x00000018   Code   RO          608    i.Motor2_Forward    tb6612fng.o
    0x08002d24   0x08002d24   0x00000018   Code   RO          609    i.Motor2_Retreat    tb6612fng.o
    0x08002d3c   0x08002d3c   0x00000024   Code   RO          610    i.Motor_Disable     tb6612fng.o
    0x08002d60   0x08002d60   0x0000005c   Code   RO          611    i.Motor_Output      tb6612fng.o
    0x08002dbc   0x08002dbc   0x00000002   Code   RO          270    i.NMI_Handler       stm32f10x_it.o
    0x08002dbe   0x08002dbe   0x00000002   PAD
    0x08002dc0   0x08002dc0   0x00000070   Code   RO         1526    i.NVIC_Init         misc.o
    0x08002e30   0x08002e30   0x00000014   Code   RO         1527    i.NVIC_PriorityGroupConfig  misc.o
    0x08002e44   0x08002e44   0x0000003e   Code   RO          441    i.OLED_Clear        oled.o
    0x08002e82   0x08002e82   0x00000002   PAD
    0x08002e84   0x08002e84   0x00000114   Code   RO          445    i.OLED_Init         oled.o
    0x08002f98   0x08002f98   0x00000028   Code   RO          447    i.OLED_Set_Pos      oled.o
    0x08002fc0   0x08002fc0   0x000000a4   Code   RO          449    i.OLED_ShowChar     oled.o
    0x08003064   0x08003064   0x00000088   Code   RO          450    i.OLED_ShowNum      oled.o
    0x080030ec   0x080030ec   0x0000003a   Code   RO          451    i.OLED_ShowString   oled.o
    0x08003126   0x08003126   0x00000018   Code   RO          452    i.OLED_WR_Byte      oled.o
    0x0800313e   0x0800313e   0x00000002   PAD
    0x08003140   0x08003140   0x00000084   Code   RO          726    i.PID_Init          pid.o
    0x080031c4   0x080031c4   0x00000020   Code   RO         1148    i.RCC_APB1PeriphClockCmd  stm32f10x_rcc.o
    0x080031e4   0x080031e4   0x00000020   Code   RO         1149    i.RCC_APB1PeriphResetCmd  stm32f10x_rcc.o
    0x08003204   0x08003204   0x00000020   Code   RO         1150    i.RCC_APB2PeriphClockCmd  stm32f10x_rcc.o
    0x08003224   0x08003224   0x00000020   Code   RO         1151    i.RCC_APB2PeriphResetCmd  stm32f10x_rcc.o
    0x08003244   0x08003244   0x000000d4   Code   RO         1158    i.RCC_GetClocksFreq  stm32f10x_rcc.o
    0x08003318   0x08003318   0x00000058   Code   RO          612    i.Read_Encoder      tb6612fng.o
    0x08003370   0x08003370   0x00000038   Code   RO          799    i.SendDataToOpenMV  usart3.o
    0x080033a8   0x080033a8   0x00000008   Code   RO          337    i.SetSysClock       system_stm32f10x.o
    0x080033b0   0x080033b0   0x000000e0   Code   RO          338    i.SetSysClockTo72   system_stm32f10x.o
    0x08003490   0x08003490   0x000000d0   Code   RO          800    i.SetTargetRoom     usart3.o
    0x08003560   0x08003560   0x00000028   Code   RO         1530    i.SysTick_CLKSourceConfig  misc.o
    0x08003588   0x08003588   0x00000010   Code   RO          888    i.SysTick_Handler   delay.o
    0x08003598   0x08003598   0x00000060   Code   RO          340    i.SystemInit        system_stm32f10x.o
    0x080035f8   0x080035f8   0x00000048   Code   RO          613    i.TB6612FNG_Init    tb6612fng.o
    0x08003640   0x08003640   0x00000080   Code   RO         1562    i.TI1_Config        stm32f10x_tim.o
    0x080036c0   0x080036c0   0x00000098   Code   RO         1563    i.TI2_Config        stm32f10x_tim.o
    0x08003758   0x08003758   0x00000090   Code   RO         1564    i.TI3_Config        stm32f10x_tim.o
    0x080037e8   0x080037e8   0x00000098   Code   RO         1565    i.TI4_Config        stm32f10x_tim.o
    0x08003880   0x08003880   0x00000068   Code   RO          386    i.TIM1_Int_Init     timer.o
    0x080038e8   0x080038e8   0x00000088   Code   RO          387    i.TIM1_UP_IRQHandler  timer.o
    0x08003970   0x08003970   0x000000a8   Code   RO          388    i.TIM2_PWM_Init     timer.o
    0x08003a18   0x08003a18   0x00000018   Code   RO         1566    i.TIM_ARRPreloadConfig  stm32f10x_tim.o
    0x08003a30   0x08003a30   0x00000006   Code   RO         1572    i.TIM_ClearFlag     stm32f10x_tim.o
    0x08003a36   0x08003a36   0x00000006   Code   RO         1573    i.TIM_ClearITPendingBit  stm32f10x_tim.o
    0x08003a3c   0x08003a3c   0x00000018   Code   RO         1578    i.TIM_Cmd           stm32f10x_tim.o
    0x08003a54   0x08003a54   0x0000001e   Code   RO         1580    i.TIM_CtrlPWMOutputs  stm32f10x_tim.o
    0x08003a72   0x08003a72   0x00000042   Code   RO         1587    i.TIM_EncoderInterfaceConfig  stm32f10x_tim.o
    0x08003ab4   0x08003ab4   0x00000022   Code   RO         1599    i.TIM_GetITStatus   stm32f10x_tim.o
    0x08003ad6   0x08003ad6   0x00000002   PAD
    0x08003ad8   0x08003ad8   0x000000ac   Code   RO         1601    i.TIM_ICInit        stm32f10x_tim.o
    0x08003b84   0x08003b84   0x00000012   Code   RO         1602    i.TIM_ICStructInit  stm32f10x_tim.o
    0x08003b96   0x08003b96   0x00000012   Code   RO         1603    i.TIM_ITConfig      stm32f10x_tim.o
    0x08003ba8   0x08003ba8   0x000000a0   Code   RO         1617    i.TIM_OC3Init       stm32f10x_tim.o
    0x08003c48   0x08003c48   0x00000012   Code   RO         1620    i.TIM_OC3PreloadConfig  stm32f10x_tim.o
    0x08003c5a   0x08003c5a   0x00000002   PAD
    0x08003c5c   0x08003c5c   0x0000007c   Code   RO         1622    i.TIM_OC4Init       stm32f10x_tim.o
    0x08003cd8   0x08003cd8   0x0000001a   Code   RO         1624    i.TIM_OC4PreloadConfig  stm32f10x_tim.o
    0x08003cf2   0x08003cf2   0x00000004   Code   RO         1641    i.TIM_SetCompare3   stm32f10x_tim.o
    0x08003cf6   0x08003cf6   0x00000006   Code   RO         1642    i.TIM_SetCompare4   stm32f10x_tim.o
    0x08003cfc   0x08003cfc   0x00000004   Code   RO         1643    i.TIM_SetCounter    stm32f10x_tim.o
    0x08003d00   0x08003d00   0x00000012   Code   RO         1644    i.TIM_SetIC1Prescaler  stm32f10x_tim.o
    0x08003d12   0x08003d12   0x0000001a   Code   RO         1645    i.TIM_SetIC2Prescaler  stm32f10x_tim.o
    0x08003d2c   0x08003d2c   0x00000012   Code   RO         1646    i.TIM_SetIC3Prescaler  stm32f10x_tim.o
    0x08003d3e   0x08003d3e   0x0000001a   Code   RO         1647    i.TIM_SetIC4Prescaler  stm32f10x_tim.o
    0x08003d58   0x08003d58   0x000000a4   Code   RO         1649    i.TIM_TimeBaseInit  stm32f10x_tim.o
    0x08003dfc   0x08003dfc   0x00000012   Code   RO         1650    i.TIM_TimeBaseStructInit  stm32f10x_tim.o
    0x08003e0e   0x08003e0e   0x00000002   PAD
    0x08003e10   0x08003e10   0x00000130   Code   RO          968    i.USART1_IRQHandler  usart.o
    0x08003f40   0x08003f40   0x00000204   Code   RO          801    i.USART3_IRQHandler  usart3.o
    0x08004144   0x08004144   0x0000001e   Code   RO         1347    i.USART_ClearITPendingBit  stm32f10x_usart.o
    0x08004162   0x08004162   0x00000018   Code   RO         1350    i.USART_Cmd         stm32f10x_usart.o
    0x0800417a   0x0800417a   0x00000002   PAD
    0x0800417c   0x0800417c   0x0000009c   Code   RO         1352    i.USART_DeInit      stm32f10x_usart.o
    0x08004218   0x08004218   0x0000001a   Code   RO         1353    i.USART_GetFlagStatus  stm32f10x_usart.o
    0x08004232   0x08004232   0x00000054   Code   RO         1354    i.USART_GetITStatus  stm32f10x_usart.o
    0x08004286   0x08004286   0x0000004a   Code   RO         1356    i.USART_ITConfig    stm32f10x_usart.o
    0x080042d0   0x080042d0   0x000000d8   Code   RO         1357    i.USART_Init        stm32f10x_usart.o
    0x080043a8   0x080043a8   0x0000000a   Code   RO         1364    i.USART_ReceiveData  stm32f10x_usart.o
    0x080043b2   0x080043b2   0x00000008   Code   RO         1367    i.USART_SendData    stm32f10x_usart.o
    0x080043ba   0x080043ba   0x00000004   Code   RO          271    i.UsageFault_Handler  stm32f10x_it.o
    0x080043be   0x080043be   0x00000002   PAD
    0x080043c0   0x080043c0   0x00000054   Code   RO          453    i.Write_IIC_Byte    oled.o
    0x08004414   0x08004414   0x0000002c   Code   RO          454    i.Write_IIC_Command  oled.o
    0x08004440   0x08004440   0x0000002c   Code   RO          455    i.Write_IIC_Data    oled.o
    0x0800446c   0x0800446c   0x00000028   Code   RO         3728    i.__ARM_fpclassify  m_ws.l(fpclassify.o)
    0x08004494   0x08004494   0x0000000e   Code   RO         3493    i._is_digit         c_w.l(__printf_wp.o)
    0x080044a2   0x080044a2   0x00000004   Code   RO          969    i._sys_exit         usart.o
    0x080044a6   0x080044a6   0x00000002   PAD
    0x080044a8   0x080044a8   0x0000007c   Code   RO            1    i.assign_task_task  main.o
    0x08004524   0x08004524   0x000000d4   Code   RO          870    i.car1_senddata_to_car2  car.o
    0x080045f8   0x080045f8   0x0000002c   Code   RO            2    i.car_run_time_callback  main.o
    0x08004624   0x08004624   0x0000005c   Code   RO          889    i.delay_init        delay.o
    0x08004680   0x08004680   0x00000040   Code   RO          890    i.delay_ms          delay.o
    0x080046c0   0x080046c0   0x00000048   Code   RO          891    i.delay_us          delay.o
    0x08004708   0x08004708   0x00000018   Code   RO          892    i.delay_xms         delay.o
    0x08004720   0x08004720   0x0000001c   Code   RO          970    i.fputc             usart.o
    0x0800473c   0x0800473c   0x000001e8   Code   RO            3    i.jindaun_goback_task  main.o
    0x08004924   0x08004924   0x00000194   Code   RO            4    i.jindaun_task      main.o
    0x08004ab8   0x08004ab8   0x00000020   Code   RO            5    i.led0_task         main.o
    0x08004ad8   0x08004ad8   0x00000048   Code   RO          614    i.location_1_pid    tb6612fng.o
    0x08004b20   0x08004b20   0x00000048   Code   RO          615    i.location_2_pid    tb6612fng.o
    0x08004b68   0x08004b68   0x0000005c   Code   RO          727    i.location_pid_realize  pid.o
    0x08004bc4   0x08004bc4   0x00000098   Code   RO            6    i.main              main.o
    0x08004c5c   0x08004c5c   0x00000084   Code   RO          457    i.main_page         oled.o
    0x08004ce0   0x08004ce0   0x00000138   Code   RO          458    i.main_page_data    oled.o
    0x08004e18   0x08004e18   0x0000002c   Code   RO         2165    i.mem_init          malloc.o
    0x08004e44   0x08004e44   0x00000028   Code   RO         2167    i.mem_perused       malloc.o
    0x08004e6c   0x08004e6c   0x00000014   Code   RO         2171    i.mymemset          malloc.o
    0x08004e80   0x08004e80   0x00000016   Code   RO          459    i.oled_pow          oled.o
    0x08004e96   0x08004e96   0x00000002   PAD
    0x08004e98   0x08004e98   0x0000001c   Code   RO            7    i.oled_task         main.o
    0x08004eb4   0x08004eb4   0x000000c0   Code   RO         2785    i.prvAddCurrentTaskToDelayedList  tasks.o
    0x08004f74   0x08004f74   0x000000ec   Code   RO         2786    i.prvAddNewTaskToReadyList  tasks.o
    0x08005060   0x08005060   0x00000064   Code   RO         3169    i.prvCheckForValidListAndQueue  timers.o
    0x080050c4   0x080050c4   0x00000048   Code   RO         2787    i.prvCheckTasksWaitingTermination  tasks.o
    0x0800510c   0x0800510c   0x0000002a   Code   RO         2382    i.prvCopyDataFromQueue  queue.o
    0x08005136   0x08005136   0x0000007e   Code   RO         2383    i.prvCopyDataToQueue  queue.o
    0x080051b4   0x080051b4   0x00000012   Code   RO         2788    i.prvDeleteTCB      tasks.o
    0x080051c6   0x080051c6   0x00000014   Code   RO         2384    i.prvGetDisinheritPriorityAfterTimeout  queue.o
    0x080051da   0x080051da   0x00000002   PAD
    0x080051dc   0x080051dc   0x00000028   Code   RO         3170    i.prvGetNextExpireTime  timers.o
    0x08005204   0x08005204   0x0000007c   Code   RO         3331    i.prvHeapInit       heap_4.o
    0x08005280   0x08005280   0x00000028   Code   RO         2789    i.prvIdleTask       tasks.o
    0x080052a8   0x080052a8   0x0000002e   Code   RO         2386    i.prvInitialiseNewQueue  queue.o
    0x080052d6   0x080052d6   0x00000002   PAD
    0x080052d8   0x080052d8   0x000000f0   Code   RO         2790    i.prvInitialiseNewTask  tasks.o
    0x080053c8   0x080053c8   0x00000078   Code   RO         3171    i.prvInitialiseNewTimer  timers.o
    0x08005440   0x08005440   0x00000068   Code   RO         2791    i.prvInitialiseTaskLists  tasks.o
    0x080054a8   0x080054a8   0x00000068   Code   RO         3332    i.prvInsertBlockIntoFreeList  heap_4.o
    0x08005510   0x08005510   0x00000058   Code   RO         3172    i.prvInsertTimerInActiveList  timers.o
    0x08005568   0x08005568   0x0000001a   Code   RO         2387    i.prvIsQueueEmpty   queue.o
    0x08005582   0x08005582   0x0000001e   Code   RO         2388    i.prvIsQueueFull    queue.o
    0x080055a0   0x080055a0   0x000000b4   Code   RO         2389    i.prvNotifyQueueSetContainer  queue.o
    0x08005654   0x08005654   0x00000044   Code   RO         3173    i.prvProcessExpiredTimer  timers.o
    0x08005698   0x08005698   0x00000160   Code   RO         3174    i.prvProcessReceivedCommands  timers.o
    0x080057f8   0x080057f8   0x00000074   Code   RO         3175    i.prvProcessTimerOrBlockTask  timers.o
    0x0800586c   0x0800586c   0x00000028   Code   RO         3176    i.prvReloadTimer    timers.o
    0x08005894   0x08005894   0x00000030   Code   RO         2793    i.prvResetNextTaskUnblockTime  tasks.o
    0x080058c4   0x080058c4   0x0000002c   Code   RO         3177    i.prvSampleTimeNow  timers.o
    0x080058f0   0x080058f0   0x00000044   Code   RO         3178    i.prvSwitchTimerLists  timers.o
    0x08005934   0x08005934   0x00000070   Code   RO         3387    i.prvTaskExitError  port.o
    0x080059a4   0x080059a4   0x00000074   Code   RO         2795    i.prvTaskIsTaskSuspended  tasks.o
    0x08005a18   0x08005a18   0x0000001a   Code   RO         3179    i.prvTimerTask      timers.o
    0x08005a32   0x08005a32   0x00000090   Code   RO         2390    i.prvUnlockQueue    queue.o
    0x08005ac2   0x08005ac2   0x00000002   PAD
    0x08005ac4   0x08005ac4   0x00000180   Code   RO         3333    i.pvPortMalloc      heap_4.o
    0x08005c44   0x08005c44   0x00000020   Code   RO         2797    i.pvTaskIncrementMutexHeldCount  tasks.o
    0x08005c64   0x08005c64   0x00000024   Code   RO         3388    i.pxPortInitialiseStack  port.o
    0x08005c88   0x08005c88   0x00000004   Code   RO          728    i.set_pid_target    pid.o
    0x08005c8c   0x08005c8c   0x0000005c   Code   RO          616    i.speed_1_pid       tb6612fng.o
    0x08005ce8   0x08005ce8   0x0000005c   Code   RO          617    i.speed_2_pid       tb6612fng.o
    0x08005d44   0x08005d44   0x000000a0   Code   RO          729    i.speed_pid_realize  pid.o
    0x08005de4   0x08005de4   0x00000428   Code   RO            8    i.sport_mode_task   main.o
    0x0800620c   0x0800620c   0x000001f8   Code   RO            9    i.start_task        main.o
    0x08006404   0x08006404   0x00000050   Code   RO          804    i.u3_printf         usart3.o
    0x08006454   0x08006454   0x000000a4   Code   RO          971    i.uart_init         usart.o
    0x080064f8   0x080064f8   0x000000b8   Code   RO          806    i.usart3_init       usart3.o
    0x080065b0   0x080065b0   0x00000028   Code   RO         2345    i.uxListRemove      list.o
    0x080065d8   0x080065d8   0x0000001a   Code   RO         2346    i.vListInitialise   list.o
    0x080065f2   0x080065f2   0x00000006   Code   RO         2347    i.vListInitialiseItem  list.o
    0x080065f8   0x080065f8   0x00000034   Code   RO         2348    i.vListInsert       list.o
    0x0800662c   0x0800662c   0x00000018   Code   RO         2349    i.vListInsertEnd    list.o
    0x08006644   0x08006644   0x00000088   Code   RO         3390    i.vPortEnterCritical  port.o
    0x080066cc   0x080066cc   0x00000070   Code   RO         3391    i.vPortExitCritical  port.o
    0x0800673c   0x0800673c   0x000000c8   Code   RO         3334    i.vPortFree         heap_4.o
    0x08006804   0x08006804   0x00000028   Code   RO         3392    i.vPortSetupTimerInterrupt  port.o
    0x0800682c   0x0800682c   0x000000a0   Code   RO         3393    i.vPortValidateInterruptPriority  port.o
    0x080068cc   0x080068cc   0x0000007c   Code   RO         2396    i.vQueueAddToRegistry  queue.o
    0x08006948   0x08006948   0x0000004a   Code   RO         2400    i.vQueueWaitForMessageRestricted  queue.o
    0x08006992   0x08006992   0x00000002   PAD
    0x08006994   0x08006994   0x00000074   Code   RO         2806    i.vTaskDelay        tasks.o
    0x08006a08   0x08006a08   0x00000114   Code   RO         2807    i.vTaskDelete       tasks.o
    0x08006b1c   0x08006b1c   0x00000018   Code   RO         2811    i.vTaskInternalSetTimeOutState  tasks.o
    0x08006b34   0x08006b34   0x0000000c   Code   RO         2813    i.vTaskMissedYield  tasks.o
    0x08006b40   0x08006b40   0x00000054   Code   RO         2814    i.vTaskPlaceOnEventList  tasks.o
    0x08006b94   0x08006b94   0x0000007c   Code   RO         2815    i.vTaskPlaceOnEventListRestricted  tasks.o
    0x08006c10   0x08006c10   0x00000128   Code   RO         2817    i.vTaskPriorityDisinheritAfterTimeout  tasks.o
    0x08006d38   0x08006d38   0x000000e0   Code   RO         2820    i.vTaskResume       tasks.o
    0x08006e18   0x08006e18   0x000000b4   Code   RO         2823    i.vTaskStartScheduler  tasks.o
    0x08006ecc   0x08006ecc   0x0000011c   Code   RO         2824    i.vTaskSuspend      tasks.o
    0x08006fe8   0x08006fe8   0x00000010   Code   RO         2825    i.vTaskSuspendAll   tasks.o
    0x08006ff8   0x08006ff8   0x000000a8   Code   RO         2826    i.vTaskSwitchContext  tasks.o
    0x080070a0   0x080070a0   0x0000001a   Code   RO         2249    i.xEventGroupCreate  event_groups.o
    0x080070ba   0x080070ba   0x00000002   PAD
    0x080070bc   0x080070bc   0x00000140   Code   RO         3394    i.xPortStartScheduler  port.o
    0x080071fc   0x080071fc   0x00000034   Code   RO         3395    i.xPortSysTickHandler  port.o
    0x08007230   0x08007230   0x00000080   Code   RO         2405    i.xQueueGenericCreate  queue.o
    0x080072b0   0x080072b0   0x000000ec   Code   RO         2406    i.xQueueGenericReset  queue.o
    0x0800739c   0x0800739c   0x000001d4   Code   RO         2407    i.xQueueGenericSend  queue.o
    0x08007570   0x08007570   0x00000134   Code   RO         2408    i.xQueueGenericSendFromISR  queue.o
    0x080076a4   0x080076a4   0x00000114   Code   RO         2409    i.xQueueGiveFromISR  queue.o
    0x080077b8   0x080077b8   0x00000170   Code   RO         2415    i.xQueueReceive     queue.o
    0x08007928   0x08007928   0x000001b4   Code   RO         2420    i.xQueueSemaphoreTake  queue.o
    0x08007adc   0x08007adc   0x000000a0   Code   RO         2828    i.xTaskCheckForTimeOut  tasks.o
    0x08007b7c   0x08007b7c   0x00000060   Code   RO         2829    i.xTaskCreate       tasks.o
    0x08007bdc   0x08007bdc   0x00000020   Code   RO         2836    i.xTaskGetSchedulerState  tasks.o
    0x08007bfc   0x08007bfc   0x0000000c   Code   RO         2837    i.xTaskGetTickCount  tasks.o
    0x08007c08   0x08007c08   0x000001d4   Code   RO         2839    i.xTaskIncrementTick  tasks.o
    0x08007ddc   0x08007ddc   0x00000100   Code   RO         2840    i.xTaskPriorityDisinherit  tasks.o
    0x08007edc   0x08007edc   0x000000ec   Code   RO         2841    i.xTaskPriorityInherit  tasks.o
    0x08007fc8   0x08007fc8   0x0000013c   Code   RO         2842    i.xTaskRemoveFromEventList  tasks.o
    0x08008104   0x08008104   0x00000190   Code   RO         2843    i.xTaskResumeAll    tasks.o
    0x08008294   0x08008294   0x00000036   Code   RO         3186    i.xTimerCreate      timers.o
    0x080082ca   0x080082ca   0x00000002   PAD
    0x080082cc   0x080082cc   0x00000074   Code   RO         3187    i.xTimerCreateTimerTask  timers.o
    0x08008340   0x08008340   0x000000a4   Code   RO         3188    i.xTimerGenericCommand  timers.o
    0x080083e4   0x080083e4   0x0000053c   Code   RO           10    i.zhongdaun_goback_task  main.o
    0x08008920   0x08008920   0x00000ccc   Code   RO           11    i.zhongdaun_task    main.o
    0x080095ec   0x080095ec   0x0000002c   Code   RO         3724    locale$$code        c_w.l(lc_numeric_c.o)
    0x08009618   0x08009618   0x0000002c   Code   RO         3795    locale$$code        c_w.l(lc_ctype_c.o)
    0x08009644   0x08009644   0x00000062   Code   RO         3527    x$fpl$d2f           fz_ws.l(d2f.o)
    0x080096a6   0x080096a6   0x00000002   PAD
    0x080096a8   0x080096a8   0x000002b0   Code   RO         3530    x$fpl$ddiv          fz_ws.l(ddiv.o)
    0x08009958   0x08009958   0x00000026   Code   RO         3533    x$fpl$dfltu         fz_ws.l(dflt_clz.o)
    0x0800997e   0x0800997e   0x00000002   PAD
    0x08009980   0x08009980   0x00000154   Code   RO         3539    x$fpl$dmul          fz_ws.l(dmul.o)
    0x08009ad4   0x08009ad4   0x0000009c   Code   RO         3644    x$fpl$dnaninf       fz_ws.l(dnaninf.o)
    0x08009b70   0x08009b70   0x0000000c   Code   RO         3646    x$fpl$dretinf       fz_ws.l(dretinf.o)
    0x08009b7c   0x08009b7c   0x00000056   Code   RO         3541    x$fpl$f2d           fz_ws.l(f2d.o)
    0x08009bd2   0x08009bd2   0x00000002   PAD
    0x08009bd4   0x08009bd4   0x000000c4   Code   RO         3543    x$fpl$fadd          fz_ws.l(faddsub_clz.o)
    0x08009c98   0x08009c98   0x00000018   Code   RO         3648    x$fpl$fcmpinf       fz_ws.l(fcmpi.o)
    0x08009cb0   0x08009cb0   0x00000184   Code   RO         3550    x$fpl$fdiv          fz_ws.l(fdiv.o)
    0x08009e34   0x08009e34   0x00000036   Code   RO         3553    x$fpl$ffix          fz_ws.l(ffix.o)
    0x08009e6a   0x08009e6a   0x00000002   PAD
    0x08009e6c   0x08009e6c   0x00000030   Code   RO         3558    x$fpl$fflt          fz_ws.l(fflt_clz.o)
    0x08009e9c   0x08009e9c   0x00000026   Code   RO         3557    x$fpl$ffltu         fz_ws.l(fflt_clz.o)
    0x08009ec2   0x08009ec2   0x00000002   PAD
    0x08009ec4   0x08009ec4   0x00000068   Code   RO         3563    x$fpl$fleqf         fz_ws.l(fleqf.o)
    0x08009f2c   0x08009f2c   0x00000102   Code   RO         3565    x$fpl$fmul          fz_ws.l(fmul.o)
    0x0800a02e   0x0800a02e   0x0000008c   Code   RO         3650    x$fpl$fnaninf       fz_ws.l(fnaninf.o)
    0x0800a0ba   0x0800a0ba   0x0000000a   Code   RO         3652    x$fpl$fretinf       fz_ws.l(fretinf.o)
    0x0800a0c4   0x0800a0c4   0x00000062   Code   RO         3567    x$fpl$frleqf        fz_ws.l(frleqf.o)
    0x0800a126   0x0800a126   0x00000014   Code   RO         3544    x$fpl$frsb          fz_ws.l(faddsub_clz.o)
    0x0800a13a   0x0800a13a   0x00000002   PAD
    0x0800a13c   0x0800a13c   0x000000ea   Code   RO         3545    x$fpl$fsub          fz_ws.l(faddsub_clz.o)
    0x0800a226   0x0800a226   0x00000004   Code   RO         3569    x$fpl$printf1       fz_ws.l(printf1.o)
    0x0800a22a   0x0800a22a   0x00000004   Code   RO         3654    x$fpl$printf2       fz_ws.l(printf2.o)
    0x0800a22e   0x0800a22e   0x00000000   Code   RO         3660    x$fpl$usenofp       fz_ws.l(usenofp.o)
    0x0800a22e   0x0800a22e   0x00000818   Data   RO          461    .constdata          oled.o
    0x0800aa46   0x0800aa46   0x00000011   Data   RO         3501    .constdata          c_w.l(__printf_flags_ss_wp.o)
    0x0800aa57   0x0800aa57   0x00000001   PAD
    0x0800aa58   0x0800aa58   0x00000008   Data   RO         3593    .constdata          c_w.l(_printf_wctomb.o)
    0x0800aa60   0x0800aa60   0x00000028   Data   RO         3622    .constdata          c_w.l(_printf_hex_int_ll_ptr.o)
    0x0800aa88   0x0800aa88   0x00000026   Data   RO         3684    .constdata          c_w.l(_printf_fp_hex.o)
    0x0800aaae   0x0800aaae   0x00000002   PAD
    0x0800aab0   0x0800aab0   0x00000094   Data   RO         3693    .constdata          c_w.l(bigflt0.o)
    0x0800ab44   0x0800ab44   0x00000020   Data   RO         3870    Region$$Table       anon$$obj.o
    0x0800ab64   0x0800ab64   0x0000001c   Data   RO         3723    locale$$data        c_w.l(lc_numeric_c.o)
    0x0800ab80   0x0800ab80   0x00000110   Data   RO         3794    locale$$data        c_w.l(lc_ctype_c.o)


    Execution Region RW_IRAM1 (Exec base: 0x20000000, Load base: 0x0800ac90, Size: 0x00004d58, Max: 0x00005000, ABSOLUTE, COMPRESSED[0x00000038])

    Exec Addr    Load Addr    Size         Type   Attr      Idx    E Section Name        Object

    0x20000000   COMPRESSED   0x00000037   Data   RW           12    .data               main.o
    0x20000037   COMPRESSED   0x00000001   PAD
    0x20000038   COMPRESSED   0x00000014   Data   RW          341    .data               system_stm32f10x.o
    0x2000004c   COMPRESSED   0x00000036   Data   RW          618    .data               tb6612fng.o
    0x20000082   COMPRESSED   0x00000011   Data   RW          808    .data               usart3.o
    0x20000093   COMPRESSED   0x00000001   PAD
    0x20000094   COMPRESSED   0x00000004   Data   RW          893    .data               delay.o
    0x20000098   COMPRESSED   0x00000006   Data   RW          973    .data               usart.o
    0x2000009e   COMPRESSED   0x00000014   Data   RW         1178    .data               stm32f10x_rcc.o
    0x200000b2   COMPRESSED   0x00000002   PAD
    0x200000b4   COMPRESSED   0x00000014   Data   RW         2175    .data               malloc.o
    0x200000c8   COMPRESSED   0x00000040   Data   RW         2846    .data               tasks.o
    0x20000108   COMPRESSED   0x00000014   Data   RW         3196    .data               timers.o
    0x2000011c   COMPRESSED   0x00000020   Data   RW         3340    .data               heap_4.o
    0x2000013c   COMPRESSED   0x0000000c   Data   RW         3396    .data               port.o
    0x20000148        -       0x00000012   Zero   RW          460    .bss                oled.o
    0x2000015a   COMPRESSED   0x00000002   PAD
    0x2000015c        -       0x00000080   Zero   RW          730    .bss                pid.o
    0x200001dc        -       0x000003f2   Zero   RW          807    .bss                usart3.o
    0x200005ce        -       0x00000016   Zero   RW          871    .bss                car.o
    0x200005e4        -       0x000000c8   Zero   RW          972    .bss                usart.o
    0x200006ac        -       0x00000900   Zero   RW         2173    .bss                malloc.o
    0x20000fac        -       0x00000040   Zero   RW         2422    .bss                queue.o
    0x20000fec        -       0x000002e4   Zero   RW         2845    .bss                tasks.o
    0x200012d0        -       0x00000028   Zero   RW         3195    .bss                timers.o
    0x200012f8        -       0x00003400   Zero   RW         3339    .bss                heap_4.o
    0x200046f8        -       0x00000060   Zero   RW         3731    .bss                c_w.l(libspace.o)
    0x20004758        -       0x00000200   Zero   RW         1026    HEAP                startup_stm32f10x_md.o
    0x20004958        -       0x00000400   Zero   RW         1025    STACK               startup_stm32f10x_md.o


==============================================================================

Image component sizes


      Code (inc. data)   RO Data    RW Data    ZI Data      Debug   Object Name

       212         68          0          0         22       1819   car.o
       268         26          0          4          0       2841   delay.o
        26          0          0          0          0      13920   event_groups.o
       936         62          0          0          0       3316   graysensor.o
       812        186          0         32      13312       3955   heap_4.o
       116         12          0          0          0        515   led.o
       148          0          0          0          0       3114   list.o
      7456       1728          0         55          0     285699   main.o
       104         12          0         20       2304       2762   malloc.o
       172         22          0          0          0       2049   misc.o
      1494        164       2072          0         18      13330   oled.o
       388         36          0          0        128       3343   pid.o
      1118        378          0         12          0      10153   port.o
      3032        356          0          0         64      18360   queue.o
        64         26        236          0       1536        852   startup_stm32f10x_md.o
       160         12          0          0          0       1497   stm32f10x_exti.o
       512         10          0          0          0       5112   stm32f10x_gpio.o
        20          0          0          0          0       2473   stm32f10x_it.o
       340         44          0         20          0       5568   stm32f10x_rcc.o
      1586        170          0          0          0      17207   stm32f10x_tim.o
       628         28          0          0          0       7414   stm32f10x_usart.o
         0          0          0          0          0         32   sys.o
       328         28          0         20          0       2077   system_stm32f10x.o
      4878       1058          0         64        740      36720   tasks.o
      2396        508          0         54          0      12390   tb6612fng.o
       728         90          0          0          0       3477   timer.o
      1396        278          0         20         40      13214   timers.o
       500         50          0          6        200       4416   usart.o
      1044        204          0         17       1010       5515   usart3.o

    ----------------------------------------------------------------------
     30902       5556       2340        328      19376     483140   Object Totals
         0          0         32          0          0          0   (incl. Generated)
        40          0          0          4          2          0   (incl. Padding)

    ----------------------------------------------------------------------

      Code (inc. data)   RO Data    RW Data    ZI Data      Debug   Library Member Name

        24          4          0          0          0         84   __2printf.o
        90          0          0          0          0          0   __dczerorl2.o
         8          0          0          0          0         68   __main.o
       392          4         17          0          0         92   __printf_flags_ss_wp.o
        14          0          0          0          0         68   __printf_wp.o
         0          0          0          0          0          0   __rtentry.o
        12          0          0          0          0          0   __rtentry2.o
         6          0          0          0          0          0   __rtentry4.o
        52          8          0          0          0          0   __scatter.o
        28          0          0          0          0          0   __scatter_zi.o
         6          0          0          0          0          0   _printf_a.o
         6          0          0          0          0          0   _printf_c.o
        44          0          0          0          0        108   _printf_char.o
        48          6          0          0          0         96   _printf_char_common.o
        36          4          0          0          0         80   _printf_char_file.o
        40          0          0          0          0         68   _printf_charcount.o
         6          0          0          0          0          0   _printf_d.o
       120         16          0          0          0         92   _printf_dec.o
         6          0          0          0          0          0   _printf_e.o
         6          0          0          0          0          0   _printf_f.o
      1054          0          0          0          0        216   _printf_fp_dec.o
       764          8         38          0          0        100   _printf_fp_hex.o
       128         16          0          0          0         84   _printf_fp_infnan.o
         6          0          0          0          0          0   _printf_g.o
       148          4         40          0          0        160   _printf_hex_int_ll_ptr.o
         6          0          0          0          0          0   _printf_i.o
       178          0          0          0          0         88   _printf_intcommon.o
        10          0          0          0          0          0   _printf_l.o
         6          0          0          0          0          0   _printf_lc.o
        10          0          0          0          0          0   _printf_ll.o
         6          0          0          0          0          0   _printf_lld.o
         6          0          0          0          0          0   _printf_lli.o
         6          0          0          0          0          0   _printf_llo.o
         6          0          0          0          0          0   _printf_llu.o
         6          0          0          0          0          0   _printf_llx.o
       124         16          0          0          0         92   _printf_longlong_dec.o
         6          0          0          0          0          0   _printf_ls.o
         6          0          0          0          0          0   _printf_n.o
         6          0          0          0          0          0   _printf_o.o
       112         10          0          0          0        124   _printf_oct_int_ll.o
         6          0          0          0          0          0   _printf_p.o
        78          0          0          0          0        108   _printf_pad.o
         0          0          0          0          0          0   _printf_percent.o
         4          0          0          0          0          0   _printf_percent_end.o
         6          0          0          0          0          0   _printf_s.o
        82          0          0          0          0         80   _printf_str.o
        36          0          0          0          0         84   _printf_truncate.o
         6          0          0          0          0          0   _printf_u.o
        44          0          0          0          0        108   _printf_wchar.o
       188          6          8          0          0         92   _printf_wctomb.o
         6          0          0          0          0          0   _printf_x.o
        10          0          0          0          0         68   _sputc.o
        64          0          0          0          0         92   _wcrtomb.o
        16          0          0          0          0         68   aeabi_memset.o
       228          4        148          0          0         96   bigflt0.o
      1936        128          0          0          0        672   btod.o
        18          0          0          0          0         80   exit.o
         8          0          0          0          0         68   ferror.o
         6          0          0          0          0        152   heapauxi.o
        44         10        272          0          0         76   lc_ctype_c.o
        44         10         28          0          0         76   lc_numeric_c.o
         2          0          0          0          0          0   libinit.o
        30          0          0          0          0          0   libinit2.o
         2          0          0          0          0          0   libshutdown.o
         2          0          0          0          0          0   libshutdown2.o
         8          4          0          0         96         68   libspace.o
       138          0          0          0          0         80   lludiv10.o
        16          4          0          0          0         76   rt_ctype_table.o
         8          4          0          0          0         68   rt_locale_intlibspace.o
        68          0          0          0          0         68   rt_memclr.o
        78          0          0          0          0         80   rt_memclr_w.o
       138          0          0          0          0         68   rt_memcpy_v6.o
       100          0          0          0          0         80   rt_memcpy_w.o
         2          0          0          0          0          0   rtexit.o
        10          0          0          0          0          0   rtexit2.o
       128          0          0          0          0         68   strcmpv7m.o
        62          0          0          0          0         76   strlen.o
        74          0          0          0          0         80   sys_stackheap_outer.o
         2          0          0          0          0         68   use_no_semi.o
         2          0          0          0          0         68   use_no_semi_2.o
        36          4          0          0          0         76   vsprintf.o
        98          4          0          0          0         92   d2f.o
       688        140          0          0          0        208   ddiv.o
        38          0          0          0          0         68   dflt_clz.o
       340         12          0          0          0        104   dmul.o
       156          4          0          0          0         92   dnaninf.o
        12          0          0          0          0         68   dretinf.o
        86          4          0          0          0         84   f2d.o
       450          8          0          0          0        236   faddsub_clz.o
        24          0          0          0          0         68   fcmpi.o
       388         76          0          0          0         96   fdiv.o
        54          4          0          0          0         84   ffix.o
        86          0          0          0          0        136   fflt_clz.o
       104          4          0          0          0         84   fleqf.o
       258          4          0          0          0         84   fmul.o
       140          4          0          0          0         84   fnaninf.o
        10          0          0          0          0         68   fretinf.o
        98          0          0          0          0         68   frleqf.o
         4          0          0          0          0         68   printf1.o
         4          0          0          0          0         68   printf2.o
         0          0          0          0          0          0   usenofp.o
        40          0          0          0          0         68   fpclassify.o

    ----------------------------------------------------------------------
     10380        534        554          0         96       6492   Library Totals
        28          0          3          0          0          0   (incl. Padding)

    ----------------------------------------------------------------------

      Code (inc. data)   RO Data    RW Data    ZI Data      Debug   Library Name

      7274        270        551          0         96       4564   c_w.l
      3038        264          0          0          0       1860   fz_ws.l
        40          0          0          0          0         68   m_ws.l

    ----------------------------------------------------------------------
     10380        534        554          0         96       6492   Library Totals

    ----------------------------------------------------------------------

==============================================================================


      Code (inc. data)   RO Data    RW Data    ZI Data      Debug   

     41282       6090       2894        328      19472     474912   Grand Totals
     41282       6090       2894         56      19472     474912   ELF Image Totals (compressed)
     41282       6090       2894         56          0          0   ROM Totals

==============================================================================

    Total RO  Size (Code + RO Data)                44176 (  43.14kB)
    Total RW  Size (RW Data + ZI Data)             19800 (  19.34kB)
    Total ROM Size (Code + RO Data + RW Data)      44232 (  43.20kB)

==============================================================================

